[
	{
		"RootFields": null,
		"ModuleFields": {
			"namespace": "kube-system"
		},
		"MetricSetFields": {
			"active": {
				"count": 0
			},
			"created": {
				"sec": 1673949613
			},
			"is_suspended": false,
			"last_schedule": {
				"sec": 1673969340
			},
			"name": "hello-cronjob",
			"next_schedule": {
				"sec": 1673969400
			}
		},
		"Index": "",
		"ID": "",
		"Namespace": "kubernetes.cronjob",
		"Timestamp": "0001-01-01T00:00:00Z",
		"Error": null,
		"Host": "",
		"Service": "",
		"Took": 0,
		"Period": 0,
		"DisableTimeSeries": false
	}
]