[
	{
		"RootFields": {},
		"ModuleFields": null,
		"MetricSetFields": {
			"client": {
				"request": {
					"count": 2447
				}
			},
			"code": "200",
			"host": "172.18.0.2:6443",
			"method": "PUT"
		},
		"Index": "",
		"ID": "",
		"Namespace": "",
		"Timestamp": "0001-01-01T00:00:00Z",
		"Error": null,
		"Host": "",
		"Service": "",
		"Took": 0,
		"Period": 0,
		"DisableTimeSeries": false
	},
	{
		"RootFields": {},
		"ModuleFields": null,
		"MetricSetFields": {
			"profile": "default-scheduler",
			"result": "unschedulable",
			"scheduling": {
				"attempts": {
					"count": 3,
					"duration": {
						"us": {
							"bucket": {
								"+Inf": 3,
								"1000": 3,
								"1024000": 3,
								"128000": 3,
								"16000": 3,
								"16384000": 3,
								"2000": 3,
								"2048000": 3,
								"256000": 3,
								"32000": 3,
								"4000": 3,
								"4096000": 3,
								"512000": 3,
								"64000": 3,
								"8000": 3,
								"8192000": 3
							},
							"count": 3,
							"sum": 510.84799999999996
						}
					}
				}
			}
		},
		"Index": "",
		"ID": "",
		"Namespace": "",
		"Timestamp": "0001-01-01T00:00:00Z",
		"Error": null,
		"Host": "",
		"Service": "",
		"Took": 0,
		"Period": 0,
		"DisableTimeSeries": false
	},
	{
		"RootFields": {},
		"ModuleFields": null,
		"MetricSetFields": {
			"client": {
				"request": {
					"count": 3
				}
			},
			"code": "200",
			"host": "172.18.0.2:6443",
			"method": "PATCH"
		},
		"Index": "",
		"ID": "",
		"Namespace": "",
		"Timestamp": "0001-01-01T00:00:00Z",
		"Error": null,
		"Host": "",
		"Service": "",
		"Took": 0,
		"Period": 0,
		"DisableTimeSeries": false
	},
	{
		"RootFields": {},
		"ModuleFields": null,
		"MetricSetFields": {
			"client": {
				"request": {
					"count": 1
				}
			},
			"code": "404",
			"host": "172.18.0.2:6443",
			"method": "GET"
		},
		"Index": "",
		"ID": "",
		"Namespace": "",
		"Timestamp": "0001-01-01T00:00:00Z",
		"Error": null,
		"Host": "",
		"Service": "",
		"Took": 0,
		"Period": 0,
		"DisableTimeSeries": false
	},
	{
		"RootFields": {},
		"ModuleFields": null,
		"MetricSetFields": {
			"profile": "default-scheduler",
			"result": "scheduled",
			"scheduling": {
				"attempts": {
					"count": 6,
					"duration": {
						"us": {
							"bucket": {
								"+Inf": 6,
								"1000": 0,
								"1024000": 6,
								"128000": 6,
								"16000": 6,
								"16384000": 6,
								"2000": 0,
								"2048000": 6,
								"256000": 6,
								"32000": 6,
								"4000": 1,
								"4096000": 6,
								"512000": 6,
								"64000": 6,
								"8000": 3,
								"8192000": 6
							},
							"count": 6,
							"sum": 42865.738
						}
					}
				}
			}
		},
		"Index": "",
		"ID": "",
		"Namespace": "",
		"Timestamp": "0001-01-01T00:00:00Z",
		"Error": null,
		"Host": "",
		"Service": "",
		"Took": 0,
		"Period": 0,
		"DisableTimeSeries": false
	},
	{
		"RootFields": {},
		"ModuleFields": null,
		"MetricSetFields": {
			"client": {
				"request": {
					"count": 2635
				}
			},
			"code": "200",
			"host": "172.18.0.2:6443",
			"method": "GET"
		},
		"Index": "",
		"ID": "",
		"Namespace": "",
		"Timestamp": "0001-01-01T00:00:00Z",
		"Error": null,
		"Host": "",
		"Service": "",
		"Took": 0,
		"Period": 0,
		"DisableTimeSeries": false
	},
	{
		"RootFields": {},
		"ModuleFields": null,
		"MetricSetFields": {
			"client": {
				"request": {
					"duration": {
						"us": {
							"bucket": {
								"+Inf": 449,
								"100000": 449,
								"1000000": 449,
								"15000000": 449,
								"2000000": 449,
								"25000": 448,
								"250000": 449,
								"30000000": 449,
								"4000000": 449,
								"5000": 425,
								"500000": 449,
								"60000000": 449,
								"8000000": 449
							},
							"count": 449,
							"sum": 1277263.5399999998
						}
					},
					"size": {
						"bytes": {
							"bucket": {
								"+Inf": 449,
								"1024": 233,
								"1048576": 449,
								"16384": 449,
								"16777216": 449,
								"256": 7,
								"262144": 449,
								"4096": 449,
								"4194304": 449,
								"512": 17,
								"64": 0,
								"65536": 449
							},
							"count": 449,
							"sum": 375065
						}
					}
				},
				"response": {
					"size": {
						"bytes": {
							"bucket": {
								"+Inf": 449,
								"1024": 17,
								"1048576": 449,
								"16384": 449,
								"16777216": 449,
								"256": 6,
								"262144": 449,
								"4096": 449,
								"4194304": 449,
								"512": 7,
								"64": 6,
								"65536": 449
							},
							"count": 449,
							"sum": 626753
						}
					}
				}
			},
			"host": "172.18.0.2:6443",
			"verb": "POST"
		},
		"Index": "",
		"ID": "",
		"Namespace": "",
		"Timestamp": "0001-01-01T00:00:00Z",
		"Error": null,
		"Host": "",
		"Service": "",
		"Took": 0,
		"Period": 0,
		"DisableTimeSeries": false
	},
	{
		"RootFields": {},
		"ModuleFields": null,
		"MetricSetFields": {
			"client": {
				"request": {
					"duration": {
						"us": {
							"bucket": {
								"+Inf": 3,
								"100000": 3,
								"1000000": 3,
								"15000000": 3,
								"2000000": 3,
								"25000": 3,
								"250000": 3,
								"30000000": 3,
								"4000000": 3,
								"5000": 1,
								"500000": 3,
								"60000000": 3,
								"8000000": 3
							},
							"count": 3,
							"sum": 15594.613
						}
					},
					"size": {
						"bytes": {
							"bucket": {
								"+Inf": 3,
								"1024": 3,
								"1048576": 3,
								"16384": 3,
								"16777216": 3,
								"256": 0,
								"262144": 3,
								"4096": 3,
								"4194304": 3,
								"512": 3,
								"64": 0,
								"65536": 3
							},
							"count": 3,
							"sum": 1026
						}
					}
				},
				"response": {
					"size": {
						"bytes": {
							"bucket": {
								"+Inf": 3,
								"1024": 0,
								"1048576": 3,
								"16384": 3,
								"16777216": 3,
								"256": 0,
								"262144": 3,
								"4096": 3,
								"4194304": 3,
								"512": 0,
								"64": 0,
								"65536": 3
							},
							"count": 3,
							"sum": 10897
						}
					}
				}
			},
			"host": "172.18.0.2:6443",
			"verb": "PATCH"
		},
		"Index": "",
		"ID": "",
		"Namespace": "",
		"Timestamp": "0001-01-01T00:00:00Z",
		"Error": null,
		"Host": "",
		"Service": "",
		"Took": 0,
		"Period": 0,
		"DisableTimeSeries": false
	},
	{
		"RootFields": {},
		"ModuleFields": null,
		"MetricSetFields": {
			"client": {
				"request": {
					"duration": {
						"us": {
							"bucket": {
								"+Inf": 2488,
								"100000": 2487,
								"1000000": 2487,
								"15000000": 2488,
								"2000000": 2487,
								"25000": 2486,
								"250000": 2487,
								"30000000": 2488,
								"4000000": 2488,
								"5000": 2418,
								"500000": 2487,
								"60000000": 2488,
								"8000000": 2488
							},
							"count": 2488,
							"sum": 12460713.542000007
						}
					},
					"size": {
						"bytes": {
							"bucket": {
								"+Inf": 2488,
								"1024": 2488,
								"1048576": 2488,
								"16384": 2488,
								"16777216": 2488,
								"256": 2488,
								"262144": 2488,
								"4096": 2488,
								"4194304": 2488,
								"512": 2488,
								"64": 2488,
								"65536": 2488
							},
							"count": 2488,
							"sum": 0
						}
					}
				},
				"response": {
					"size": {
						"bytes": {
							"bucket": {
								"+Inf": 2488,
								"1024": 2484,
								"1048576": 2488,
								"16384": 2487,
								"16777216": 2488,
								"256": 29,
								"262144": 2488,
								"4096": 2487,
								"4194304": 2488,
								"512": 2482,
								"64": 9,
								"65536": 2488
							},
							"count": 2488,
							"sum": 1078743
						}
					}
				}
			},
			"host": "172.18.0.2:6443",
			"verb": "GET"
		},
		"Index": "",
		"ID": "",
		"Namespace": "",
		"Timestamp": "0001-01-01T00:00:00Z",
		"Error": null,
		"Host": "",
		"Service": "",
		"Took": 0,
		"Period": 0,
		"DisableTimeSeries": false
	},
	{
		"RootFields": {},
		"ModuleFields": null,
		"MetricSetFields": {
			"client": {
				"request": {
					"duration": {
						"us": {
							"bucket": {
								"+Inf": 2447,
								"100000": 2447,
								"1000000": 2447,
								"15000000": 2447,
								"2000000": 2447,
								"25000": 2447,
								"250000": 2447,
								"30000000": 2447,
								"4000000": 2447,
								"5000": 2188,
								"500000": 2447,
								"60000000": 2447,
								"8000000": 2447
							},
							"count": 2447,
							"sum": 9351992.304000022
						}
					},
					"size": {
						"bytes": {
							"bucket": {
								"+Inf": 2447,
								"1024": 2447,
								"1048576": 2447,
								"16384": 2447,
								"16777216": 2447,
								"256": 0,
								"262144": 2447,
								"4096": 2447,
								"4194304": 2447,
								"512": 2447,
								"64": 0,
								"65536": 2447
							},
							"count": 2447,
							"sum": 1043981
						}
					}
				},
				"response": {
					"size": {
						"bytes": {
							"bucket": {
								"+Inf": 2447,
								"1024": 2447,
								"1048576": 2447,
								"16384": 2447,
								"16777216": 2447,
								"256": 0,
								"262144": 2447,
								"4096": 2447,
								"4194304": 2447,
								"512": 2447,
								"64": 0,
								"65536": 2447
							},
							"count": 2447,
							"sum": 1043982
						}
					}
				}
			},
			"host": "172.18.0.2:6443",
			"verb": "PUT"
		},
		"Index": "",
		"ID": "",
		"Namespace": "",
		"Timestamp": "0001-01-01T00:00:00Z",
		"Error": null,
		"Host": "",
		"Service": "",
		"Took": 0,
		"Period": 0,
		"DisableTimeSeries": false
	},
	{
		"RootFields": {},
		"ModuleFields": null,
		"MetricSetFields": {
			"queue": "unschedulable",
			"scheduling": {
				"pending": {
					"pods": {
						"count": 0
					}
				}
			}
		},
		"Index": "",
		"ID": "",
		"Namespace": "",
		"Timestamp": "0001-01-01T00:00:00Z",
		"Error": null,
		"Host": "",
		"Service": "",
		"Took": 0,
		"Period": 0,
		"DisableTimeSeries": false
	},
	{
		"RootFields": {},
		"ModuleFields": null,
		"MetricSetFields": {
			"client": {
				"request": {
					"count": 25
				}
			},
			"code": "403",
			"host": "172.18.0.2:6443",
			"method": "GET"
		},
		"Index": "",
		"ID": "",
		"Namespace": "",
		"Timestamp": "0001-01-01T00:00:00Z",
		"Error": null,
		"Host": "",
		"Service": "",
		"Took": 0,
		"Period": 0,
		"DisableTimeSeries": false
	},
	{
		"RootFields": {},
		"ModuleFields": null,
		"MetricSetFields": {
			"queue": "backoff",
			"scheduling": {
				"pending": {
					"pods": {
						"count": 0
					}
				}
			}
		},
		"Index": "",
		"ID": "",
		"Namespace": "",
		"Timestamp": "0001-01-01T00:00:00Z",
		"Error": null,
		"Host": "",
		"Service": "",
		"Took": 0,
		"Period": 0,
		"DisableTimeSeries": false
	},
	{
		"RootFields": {},
		"ModuleFields": null,
		"MetricSetFields": {
			"client": {
				"request": {
					"count": 449
				}
			},
			"code": "201",
			"host": "172.18.0.2:6443",
			"method": "POST"
		},
		"Index": "",
		"ID": "",
		"Namespace": "",
		"Timestamp": "0001-01-01T00:00:00Z",
		"Error": null,
		"Host": "",
		"Service": "",
		"Took": 0,
		"Period": 0,
		"DisableTimeSeries": false
	},
	{
		"RootFields": {},
		"ModuleFields": null,
		"MetricSetFields": {
			"leader": {
				"is_master": true
			},
			"process": {
				"cpu": {
					"sec": 32
				},
				"fds": {
					"max": {
						"count": 1048576
					},
					"open": {
						"count": 13
					}
				},
				"memory": {
					"resident": {
						"bytes": 64868352
					},
					"virtual": {
						"bytes": 779169792
					}
				},
				"started": {
					"sec": 1671639617.98
				}
			},
			"scheduling": {
				"preemption": {
					"attempts": {
						"count": 3
					},
					"victims": {
						"bucket": {
							"+Inf": 0,
							"10": 0,
							"15": 0,
							"20": 0,
							"25": 0,
							"30": 0,
							"35": 0,
							"40": 0,
							"45": 0,
							"5": 0,
							"50": 0
						},
						"count": 0,
						"sum": 0
					}
				}
			}
		},
		"Index": "",
		"ID": "",
		"Namespace": "",
		"Timestamp": "0001-01-01T00:00:00Z",
		"Error": null,
		"Host": "",
		"Service": "",
		"Took": 0,
		"Period": 0,
		"DisableTimeSeries": false
	},
	{
		"RootFields": {},
		"ModuleFields": null,
		"MetricSetFields": {
			"queue": "active",
			"scheduling": {
				"pending": {
					"pods": {
						"count": 0
					}
				}
			}
		},
		"Index": "",
		"ID": "",
		"Namespace": "",
		"Timestamp": "0001-01-01T00:00:00Z",
		"Error": null,
		"Host": "",
		"Service": "",
		"Took": 0,
		"Period": 0,
		"DisableTimeSeries": false
	}
]