[
  {
    "@timestamp": "2020-10-28T02:39:26.374Z",
    "event": {
      "category": [
        "process"
      ],
      "code": 7,
      "kind": "event",
      "module": "sysmon",
      "provider": "Microsoft-Windows-Sysmon",
      "type": [
        "change"
      ]
    },
    "file": {
      "code_signature": {
        "signed": true,
        "status": "Valid",
        "subject_name": "Microsoft Windows",
        "valid": true
      },
      "directory": "C:\\Windows\\System32",
      "extension": "dll",
      "hash": {
        "md5": "c7c45610f644906e6f7d664ef2e45b08",
        "sha1": "9955a1c071c44a7ceecc0d928a9cfb7f64cc3f93",
        "sha256": "4808f1101f4e42387d8ddb7a355668bae3bf6f781c42d3bcd82e23446b1deb3e"
      },
      "name": "IDStore.dll",
      "path": "C:\\Windows\\System32\\IDStore.dll",
      "pe": {
        "company": "Microsoft Corporation",
        "description": "Identity Store",
        "file_version": "10.0.17763.1 (WinBuild.160101.0800)",
        "imphash": "194f3797b52231028c718b6d776c6853",
        "original_file_name": "IdStore.dll",
        "product": "Microsoft速 Windows速 Operating System"
      }
    },
    "host": {
      "name": "vagrant"
    },
    "log": {
      "level": "information"
    },
    "process": {
      "entity_id": "{9F32B55F-D9DE-5F98-F006-000000000600}",
      "executable": "C:\\Windows\\System32\\dllhost.exe",
      "name": "dllhost.exe",
      "pid": 5184
    },
    "related": {
      "hash": [
        "9955a1c071c44a7ceecc0d928a9cfb7f64cc3f93",
        "c7c45610f644906e6f7d664ef2e45b08",
        "4808f1101f4e42387d8ddb7a355668bae3bf6f781c42d3bcd82e23446b1deb3e",
        "194f3797b52231028c718b6d776c6853"
      ]
    },
    "winlog": {
      "api": "wineventlog",
      "channel": "Microsoft-Windows-Sysmon/Operational",
      "computer_name": "vagrant",
      "event_data": {
        "Company": "Microsoft Corporation",
        "Description": "Identity Store",
        "FileVersion": "10.0.17763.1 (WinBuild.160101.0800)",
        "Product": "Microsoft速 Windows速 Operating System",
        "RuleName": "-",
        "Signature": "Microsoft Windows",
        "SignatureStatus": "Valid",
        "Signed": "true"
      },
      "event_id": 7,
      "process": {
        "pid": 1676,
        "thread": {
          "id": 4796
        }
      },
      "provider_guid": "{5770385F-C22A-43E0-BF4C-06F5698FFBD9}",
      "provider_name": "Microsoft-Windows-Sysmon",
      "record_id": 10685,
      "user": {
        "identifier": "S-1-5-18"
      },
      "version": 3
    }
  }
]