[
  {
    "cef": {
      "device": {
        "event_class_id": "100",
        "product": "threatmanager",
        "vendor": "security",
        "version": "1.0"
      },
      "extensions": {
        "ad": {
          "Authentification": "MICROSOFT_AUTHENTICATION_PACKAGE_V1_0",
          "Error_,Code": "3221225578",
          "field[0]": "field0",
          "foo": {
            "name[1]": "new_name"
          }
        },
        "additional": {
          "dotfieldName": "new_value"
        },
        "destinationAddress": "12.121.122.82",
        "sourceAddress": "10.0.0.192"
      },
      "name": "trojan successfully stopped",
      "severity": "10",
      "version": "0"
    },
    "destination": {
      "ip": "12.121.122.82"
    },
    "event": {
      "code": "100",
      "original": "CEF:0|security|threatmanager|1.0|100|trojan successfully stopped|10|src=10.0.0.192 additional.dotfieldName=new_value ad.Authentification=MICROSOFT_AUTHENTICATION_PACKAGE_V1_0 ad.Error_,Code=3221225578 dst=12.121.122.82 ad.field[0]=field0 ad.foo.name[1]=new_name",
      "severity": 10
    },
    "message": "trojan successfully stopped",
    "observer": {
      "product": "threatmanager",
      "vendor": "security",
      "version": "1.0"
    },
    "source": {
      "ip": "10.0.0.192"
    }
  },
  {
    "cef": {
      "device": {
        "event_class_id": "600",
        "product": "Deep Security Manager",
        "vendor": "Trend Micro",
        "version": "1.2.3"
      },
      "extensions": {
        "message": "User signed in from 2001:db8::5",
        "sourceAddress": "10.52.116.160",
        "sourceUserName": "admin",
        "target": "admin"
      },
      "name": "User Signed In",
      "severity": "3",
      "version": "0"
    },
    "event": {
      "code": "600",
      "original": "CEF:0|Trend Micro|Deep Security Manager|1.2.3|600|User Signed In|3|src=10.52.116.160 suser=admin target=admin msg=User signed in from 2001:db8::5",
      "severity": 3
    },
    "message": "User signed in from 2001:db8::5",
    "observer": {
      "product": "Deep Security Manager",
      "vendor": "Trend Micro",
      "version": "1.2.3"
    },
    "source": {
      "ip": "10.52.116.160",
      "user": {
        "name": "admin"
      }
    }
  },
  {
    "cef": {
      "device": {
        "event_class_id": "4000000",
        "product": "Deep Security Agent",
        "vendor": "Trend Micro",
        "version": "1.2.3"
      },
      "extensions": {
        "DeviceCustomNumber2": "205",
        "TrendMicroDsDetectionConfidence": "95",
        "TrendMicroDsFileMD5": "44D88612FEA8A8F36DE82E1278ABB02F",
        "TrendMicroDsFileSHA1": "3395856CE81F2B7382DEE72602F798B642F14140",
        "TrendMicroDsFileSHA256": "275A021BBFB6489E54D471899F7DB9D1663FC695EC2FE2A2C4538AABF651FD0F",
        "TrendMicroDsMalwareTarget": "N/A",
        "TrendMicroDsMalwareTargetType": "N/A",
        "TrendMicroDsRelevantDetectionNames": "Ransom_CERBER.BZC;Ransom_CERBER.C;Ransom_CRYPNISCA.SM",
        "deviceAction": "Delete",
        "deviceCustomNumber1": "1",
        "deviceCustomNumber1Label": "Host ID",
        "deviceCustomNumber2Label": "Quarantine File Size",
        "deviceCustomString6": "ContainerImageName | ContainerName | ContainerID",
        "deviceCustomString6Label": "Container",
        "deviceHostName": "hostname",
        "filePath": "C:\\Users\\trend\\Desktop\\eicar.exe",
        "message": "Realtime"
      },
      "name": "Eicar_test_file",
      "severity": "6",
      "version": "0"
    },
    "event": {
      "action": "Delete",
      "code": "4000000",
      "original": "CEF:0|Trend Micro|Deep Security Agent|1.2.3|4000000|Eicar_test_file|6|cn1=1 cn1Label=Host ID dvchost=hostname cn2=205 cn2Label=Quarantine File Size cs6=ContainerImageName | ContainerName | ContainerID cs6Label=Container filePath=C:\\\\Users\\\\trend\\\\Desktop\\\\eicar.exe act=Delete msg=Realtime TrendMicroDsMalwareTarget=N/A TrendMicroDsMalwareTargetType=N/A TrendMicroDsFileMD5=44D88612FEA8A8F36DE82E1278ABB02F TrendMicroDsFileSHA1=3395856CE81F2B7382DEE72602F798B642F14140 TrendMicroDsFileSHA256=275A021BBFB6489E54D471899F7DB9D1663FC695EC2FE2A2C4538AABF651FD0F TrendMicroDsDetectionConfidence=95 TrendMicroDsRelevantDetectionNames=Ransom_CERBER.BZC;Ransom_CERBER.C;Ransom_CRYPNISCA.SM",
      "severity": 6
    },
    "file": {
      "path": "C:\\Users\\trend\\Desktop\\eicar.exe"
    },
    "message": "Realtime",
    "observer": {
      "hostname": "hostname",
      "product": "Deep Security Agent",
      "vendor": "Trend Micro",
      "version": "1.2.3"
    }
  },
  {
    "cef": {
      "device": {
        "event_class_id": "6001200",
        "product": "Deep Security Agent",
        "vendor": "Trend Micro",
        "version": "10.2.229"
      },
      "extensions": {
        "TrendMicroDsTenant": "Primary",
        "TrendMicroDsTenantId": "0",
        "aggregationType": "0",
        "deviceAction": "detectOnly",
        "deviceAddress": "192.168.33.128",
        "deviceCustomNumber1": "202",
        "deviceCustomNumber1Label": "Host ID",
        "deviceCustomString1": "notWhitelisted",
        "deviceCustomString1Label": "actionReason",
        "deviceCustomString2": "0CC9713BA896193A527213D9C94892D41797EB7C",
        "deviceCustomString2Label": "sha1",
        "deviceCustomString3": "7EA8EF10BEB2E9876D4D7F7E5A46CF8D",
        "deviceCustomString3Label": "md5",
        "fileHash": "80D4AC182F97D2AB48EE4310AC51DA5974167C596D133D64A83107B9069745E0",
        "filePath": "/home/user1/Desktop/Directory1//heartbeatSync.sh",
        "fileSize": "20",
        "repeatCount": "1",
        "sourceUserId": "0",
        "sourceUserName": "root"
      },
      "name": "AppControl detectOnly",
      "severity": "6",
      "version": "0"
    },
    "event": {
      "action": "detectOnly",
      "code": "6001200",
      "original": "CEF:0|Trend Micro|Deep Security Agent|10.2.229|6001200|AppControl detectOnly|6|cn1=202 cn1Label=Host ID dvc=192.168.33.128 TrendMicroDsTenant=Primary TrendMicroDsTenantId=0 fileHash=80D4AC182F97D2AB48EE4310AC51DA5974167C596D133D64A83107B9069745E0 suser=root suid=0 act=detectOnly filePath=/home/user1/Desktop/Directory1//heartbeatSync.sh fsize=20 aggregationType=0 repeatCount=1 cs1=notWhitelisted cs1Label=actionReason cs2=0CC9713BA896193A527213D9C94892D41797EB7C cs2Label=sha1 cs3=7EA8EF10BEB2E9876D4D7F7E5A46CF8D cs3Label=md5",
      "severity": 6
    },
    "file": {
      "path": "/home/user1/Desktop/Directory1//heartbeatSync.sh",
      "size": 20
    },
    "message": "AppControl detectOnly",
    "observer": {
      "ip": "192.168.33.128",
      "product": "Deep Security Agent",
      "vendor": "Trend Micro",
      "version": "10.2.229"
    },
    "source": {
      "user": {
        "id": "0",
        "name": "root"
      }
    }
  },
  {
    "cef": {
      "device": {
        "event_class_id": "20",
        "product": "Deep Security Agent",
        "vendor": "Trend Micro",
        "version": "1.2.3"
      },
      "extensions": {
        "TrendMicroDsFrameType": "IP",
        "TrendMicroDsPacketData": "AFB",
        "baseEventCount": "1",
        "bytesOut": "1019",
        "destinationAddress": "72.14.204.147",
        "destinationMacAddress": "00:50:56:F5:7F:47",
        "destinationPort": "80",
        "deviceAction": "Log",
        "deviceAddress": "hostname",
        "deviceCustomNumber1": "1",
        "deviceCustomNumber1Label": "Host ID",
        "deviceCustomString2": "0x00 ACK PSH",
        "deviceCustomString2Label": "TCP Flags",
        "deviceCustomString3": "DF MF",
        "deviceCustomString3Label": "Fragmentation Bits",
        "sourceAddress": "192.168.126.150",
        "sourceMacAddress": "00:0C:29:EB:35:DE",
        "sourcePort": "49617",
        "transportProtocol": "TCP"
      },
      "name": "Log for TCP Port 80",
      "severity": "0",
      "version": "0"
    },
    "destination": {
      "bytes": 1019,
      "ip": "72.14.204.147",
      "mac": "00:50:56:F5:7F:47",
      "port": 80
    },
    "error": {
      "message": "deviceAddress: value is not a valid IP address"
    },
    "event": {
      "action": "Log",
      "code": "20",
      "original": "CEF:0|Trend Micro|Deep Security Agent|1.2.3|20|Log for TCP Port 80|0|cn1=1 cn1Label=Host ID dvc=hostname act=Log dmac=00:50:56:F5:7F:47 smac=00:0C:29:EB:35:DE TrendMicroDsFrameType=IP src=192.168.126.150 dst=72.14.204.147 out=1019 cs3=DF MF cs3Label=Fragmentation Bits proto=TCP spt=49617 dpt=80 cs2=0x00 ACK PSH cs2Label=TCP Flags cnt=1 TrendMicroDsPacketData=AFB",
      "severity": 0
    },
    "message": "Log for TCP Port 80",
    "network": {
      "transport": "tcp"
    },
    "observer": {
      "product": "Deep Security Agent",
      "vendor": "Trend Micro",
      "version": "1.2.3"
    },
    "source": {
      "ip": "192.168.126.150",
      "mac": "00:0C:29:EB:35:DE",
      "port": 49617
    }
  },
  {
    "cef": {
      "device": {
        "event_class_id": "30",
        "product": "Deep Security Agent",
        "vendor": "Trend Micro",
        "version": "1.2.3"
      },
      "extensions": {
        "deviceAction": "updated",
        "deviceCustomNumber1": "1",
        "deviceCustomNumber1Label": "Host ID",
        "deviceHostName": "hostname",
        "filePath": "c:\\windows\\message.dll",
        "message": "lastModified,sha1,size",
        "sourceUserName": "admin"
      },
      "name": "New Integrity Monitoring Rule",
      "severity": "6",
      "version": "0"
    },
    "event": {
      "action": "updated",
      "code": "30",
      "original": "CEF:0|Trend Micro|Deep Security Agent|1.2.3|30|New Integrity Monitoring Rule|6|cn1=1 cn1Label=Host ID dvchost=hostname act=updated filePath=c:\\\\windows\\\\message.dll suser=admin msg=lastModified,sha1,size",
      "severity": 6
    },
    "file": {
      "path": "c:\\windows\\message.dll"
    },
    "message": "lastModified,sha1,size",
    "observer": {
      "hostname": "hostname",
      "product": "Deep Security Agent",
      "vendor": "Trend Micro",
      "version": "1.2.3"
    },
    "source": {
      "user": {
        "name": "admin"
      }
    }
  },
  {
    "cef": {
      "device": {
        "event_class_id": "1001111",
        "product": "Deep Security Agent",
        "vendor": "Trend Micro",
        "version": "1.2.3"
      },
      "extensions": {
        "TrendMicroDsFrameType": "IP",
        "TrendMicroDsPacketData": "R0VUIC9zP3",
        "baseEventCount": "1",
        "bytesOut": "1093",
        "destinationAddress": "72.14.204.105",
        "destinationMacAddress": "00:50:56:F5:7F:47",
        "destinationPort": "80",
        "deviceAction": "IDS:Reset",
        "deviceCustomNumber1": "1",
        "deviceCustomNumber1Label": "Host ID",
        "deviceCustomNumber3": "10",
        "deviceCustomNumber3Label": "Intrusion Prevention Packet Position",
        "deviceCustomString2": "0x00 ACK PSH",
        "deviceCustomString2Label": "TCP Flags",
        "deviceCustomString3": "DF MF",
        "deviceCustomString3Label": "Fragmentation Bits",
        "deviceCustomString5": "10",
        "deviceCustomString5Label": "Intrusion Prevention Stream Position",
        "deviceCustomString6": "8",
        "deviceCustomString6Label": "Intrusion Prevention Flags",
        "deviceHostName": "hostname",
        "sourceAddress": "192.168.126.150",
        "sourceMacAddress": "00:0C:29:EB:35:DE",
        "sourcePort": "49786",
        "transportProtocol": "TCP"
      },
      "name": "Test Intrusion Prevention Rule",
      "severity": "3",
      "version": "0"
    },
    "destination": {
      "bytes": 1093,
      "ip": "72.14.204.105",
      "mac": "00:50:56:F5:7F:47",
      "port": 80
    },
    "event": {
      "action": "IDS:Reset",
      "code": "1001111",
      "original": "CEF:0|Trend Micro|Deep Security Agent|1.2.3|1001111|Test Intrusion Prevention Rule|3|cn1=1 cn1Label=Host ID dvchost=hostname dmac=00:50:56:F5:7F:47 smac=00:0C:29:EB:35:DE TrendMicroDsFrameType=IP src=192.168.126.150 dst=72.14.204.105 out=1093 cs3=DF MF cs3Label=Fragmentation Bits proto=TCP spt=49786 dpt=80 cs2=0x00 ACK PSH cs2Label=TCP Flags cnt=1 act=IDS:Reset cn3=10 cn3Label=Intrusion Prevention Packet Position cs5=10 cs5Label=Intrusion Prevention Stream Position cs6=8 cs6Label=Intrusion Prevention Flags TrendMicroDsPacketData=R0VUIC9zP3",
      "severity": 3
    },
    "message": "Test Intrusion Prevention Rule",
    "network": {
      "transport": "tcp"
    },
    "observer": {
      "hostname": "hostname",
      "product": "Deep Security Agent",
      "vendor": "Trend Micro",
      "version": "1.2.3"
    },
    "source": {
      "ip": "192.168.126.150",
      "mac": "00:0C:29:EB:35:DE",
      "port": 49786
    }
  },
  {
    "cef": {
      "device": {
        "event_class_id": "3002795",
        "product": "Deep Security Agent",
        "vendor": "Trend Micro",
        "version": "1.2.3"
      },
      "extensions": {
        "destinationUserName": "(no user)",
        "deviceCustomNumber1": "1",
        "deviceCustomNumber1Label": "Host ID",
        "deviceCustomString1": "Multiple Windows Logon Failures",
        "deviceCustomString1Label": "LI Description",
        "deviceHostName": "hostname",
        "filename": "Security",
        "message": "WinEvtLog Security: AUDIT_FAILURE(4625): Microsoft-Windows-Security-Auditing: (no user): no domain: WIN-RM6HM42G65V: An account failed to log on. Subject: ..",
        "sourceAddress": "127.0.0.1",
        "sourceHostName": "WIN-RM6HM42G65V"
      },
      "name": "Microsoft Windows Events",
      "severity": "8",
      "version": "0"
    },
    "destination": {
      "user": {
        "name": "(no user)"
      }
    },
    "event": {
      "code": "3002795",
      "original": "CEF:0|Trend Micro|Deep Security Agent|1.2.3|3002795|Microsoft Windows Events|8|cn1=1 cn1Label=Host ID dvchost=hostname cs1Label=LI Description cs1=Multiple Windows Logon Failures fname=Security src=127.0.0.1 duser=(no user) shost=WIN-RM6HM42G65V msg=WinEvtLog Security: AUDIT_FAILURE(4625): Microsoft-Windows-Security-Auditing: (no user): no domain: WIN-RM6HM42G65V: An account failed to log on. Subject: ..",
      "severity": 8
    },
    "file": {
      "name": "Security"
    },
    "message": "WinEvtLog Security: AUDIT_FAILURE(4625): Microsoft-Windows-Security-Auditing: (no user): no domain: WIN-RM6HM42G65V: An account failed to log on. Subject: ..",
    "observer": {
      "hostname": "hostname",
      "product": "Deep Security Agent",
      "vendor": "Trend Micro",
      "version": "1.2.3"
    },
    "source": {
      "domain": "WIN-RM6HM42G65V",
      "ip": "127.0.0.1"
    }
  },
  {
    "cef": {
      "device": {
        "event_class_id": "5000000",
        "product": "Deep Security Agent",
        "vendor": "Trend Micro",
        "version": "1.2.3"
      },
      "extensions": {
        "deviceCustomNumber1": "1",
        "deviceCustomNumber1Label": "Host ID",
        "deviceHostName": "hostname",
        "message": "Blocked By Admin",
        "requestUrl": "example.com"
      },
      "name": "WebReputation",
      "severity": "5",
      "version": "0"
    },
    "event": {
      "code": "5000000",
      "original": "CEF:0|Trend Micro|Deep Security Agent|1.2.3|5000000|WebReputation|5|cn1=1 cn1Label=Host ID dvchost=hostname request=example.com msg=Blocked By Admin",
      "severity": 5
    },
    "message": "Blocked By Admin",
    "observer": {
      "hostname": "hostname",
      "product": "Deep Security Agent",
      "vendor": "Trend Micro",
      "version": "1.2.3"
    },
    "url": {
      "original": "example.com"
    }
  },
  {
    "cef": {
      "device": {
        "event_class_id": "APPFW",
        "product": "NetScaler",
        "vendor": "Citrix",
        "version": "NS10.0"
      },
      "extensions": {
        "DeviceCustomNumber2": "205",
        "deviceAction": "blocked",
        "deviceCustomNumber1": "233",
        "deviceCustomString1": "profile1",
        "deviceCustomString2": "PPE0",
        "deviceCustomString3": "AjSZM26h2M+xL809pON6C8joebUA000",
        "deviceCustomString4": "ALERT",
        "deviceCustomString5": "2012",
        "message": "Disallow Illegal URL.",
        "method": "GET",
        "requestUrl": "http://vpx247.example.net/FFC/login.html",
        "sourceAddress": "10.217.253.78",
        "sourcePort": "53743"
      },
      "name": "APPFW_STARTURL",
      "severity": "6",
      "version": "0"
    },
    "event": {
      "action": "blocked",
      "code": "APPFW",
      "original": "CEF:0|Citrix|NetScaler|NS10.0|APPFW|APPFW_STARTURL|6|src=10.217.253.78 spt=53743 method=GET request=http://vpx247.example.net/FFC/login.html msg=Disallow Illegal URL. cn1=233 cn2=205 cs1=profile1 cs2=PPE0 cs3=AjSZM26h2M+xL809pON6C8joebUA000 cs4=ALERT cs5=2012 act=blocked",
      "severity": 6
    },
    "message": "Disallow Illegal URL.",
    "observer": {
      "product": "NetScaler",
      "vendor": "Citrix",
      "version": "NS10.0"
    },
    "source": {
      "ip": "10.217.253.78",
      "port": 53743
    },
    "url": {
      "original": "http://vpx247.example.net/FFC/login.html"
    }
  },
  {
    "cef": {
      "device": {
        "event_class_id": "APPFW",
        "product": "NetScaler",
        "vendor": "Citrix",
        "version": "NS10.0"
      },
      "extensions": {
        "DeviceCustomNumber2": "535",
        "deviceAction": "not blocked",
        "deviceCustomNumber1": "465",
        "deviceCustomString1": "profile1",
        "deviceCustomString2": "PPE0",
        "deviceCustomString3": "IliG4Dxp1SjOhKVRDVBXmqvAaIcA000",
        "deviceCustomString4": "ALERT",
        "deviceCustomString5": "2012",
        "message": "Disallow Illegal URL.",
        "method": "GET",
        "requestUrl": "http://vpx247.example.net/FFC/login_post.html?abc=def",
        "sourceAddress": "10.217.253.78",
        "sourcePort": "54711"
      },
      "name": "APPFW_STARTURL",
      "severity": "6",
      "version": "0"
    },
    "event": {
      "action": "not blocked",
      "code": "APPFW",
      "original": "CEF:0|Citrix|NetScaler|NS10.0|APPFW|APPFW_STARTURL|6|src=10.217.253.78 spt=54711 method=GET request=http://vpx247.example.net/FFC/login_post.html?abc\\=def msg=Disallow Illegal URL. cn1=465 cn2=535 cs1=profile1 cs2=PPE0 cs3=IliG4Dxp1SjOhKVRDVBXmqvAaIcA000 cs4=ALERT cs5=2012 act=not blocked",
      "severity": 6
    },
    "message": "Disallow Illegal URL.",
    "observer": {
      "product": "NetScaler",
      "vendor": "Citrix",
      "version": "NS10.0"
    },
    "source": {
      "ip": "10.217.253.78",
      "port": 54711
    },
    "url": {
      "original": "http://vpx247.example.net/FFC/login_post.html?abc=def"
    }
  },
  {
    "cef": {
      "device": {
        "event_class_id": "APPFW",
        "product": "NetScaler",
        "vendor": "Citrix",
        "version": "NS10.0"
      },
      "extensions": {
        "DeviceCustomNumber2": "610",
        "deviceAction": "transformed",
        "deviceCustomNumber1": "652",
        "deviceCustomString1": "pr_ffc",
        "deviceCustomString2": "PPE0",
        "deviceCustomString3": "li8MdGfW49uG8tGdSV85ech41a0A000",
        "deviceCustomString4": "ALERT",
        "deviceCustomString5": "2012",
        "message": " Transformed (xout) potential credit card numbers seen in server response",
        "method": "GET",
        "requestUrl": "http://vpx247.example.net/FFC/CreditCardMind.html",
        "sourceAddress": "10.217.253.78",
        "sourcePort": "56116"
      },
      "name": "APPFW_SAFECOMMERCE_XFORM",
      "severity": "6",
      "version": "0"
    },
    "event": {
      "action": "transformed",
      "code": "APPFW",
      "original": "CEF:0|Citrix|NetScaler|NS10.0|APPFW|APPFW_SAFECOMMERCE_XFORM|6|src=10.217.253.78 spt=56116 method=GET request=http://vpx247.example.net/FFC/CreditCardMind.html msg= Transformed (xout) potential credit card numbers seen in server response cn1=652 cn2=610 cs1=pr_ffc cs2=PPE0 cs3=li8MdGfW49uG8tGdSV85ech41a0A000 cs4=ALERT cs5=2012 act=transformed",
      "severity": 6
    },
    "message": " Transformed (xout) potential credit card numbers seen in server response",
    "observer": {
      "product": "NetScaler",
      "vendor": "Citrix",
      "version": "NS10.0"
    },
    "source": {
      "ip": "10.217.253.78",
      "port": 56116
    },
    "url": {
      "original": "http://vpx247.example.net/FFC/CreditCardMind.html"
    }
  },
  {
    "cef": {
      "device": {
        "event_class_id": "APPFW",
        "product": "NetScaler",
        "vendor": "Citrix",
        "version": "NS10.0"
      },
      "extensions": {
        "DeviceCustomNumber2": "610",
        "deviceAction": "transformed",
        "deviceCustomNumber1": "653",
        "deviceCustomString1": "pr_ffc",
        "deviceCustomString2": "PPE0",
        "deviceCustomString3": "li8MdGfW49uG8tGdSV85ech41a0A000",
        "deviceCustomString4": "ALERT",
        "deviceCustomString5": "2012",
        "message": " Maximum no. of potential credit card numbers seen",
        "method": "GET",
        "requestUrl": "http://vpx247.example.net/FFC/CreditCardMind.html",
        "sourceAddress": "10.217.253.78",
        "sourcePort": "56116"
      },
      "name": "APPFW_SAFECOMMERCE",
      "severity": "6",
      "version": "0"
    },
    "event": {
      "action": "transformed",
      "code": "APPFW",
      "original": "CEF:0|Citrix|NetScaler|NS10.0|APPFW|APPFW_SAFECOMMERCE|6|src=10.217.253.78 spt=56116 method=GET request=http://vpx247.example.net/FFC/CreditCardMind.html msg= Maximum no. of potential credit card numbers seen cn1=653 cn2=610 cs1=pr_ffc cs2=PPE0 cs3=li8MdGfW49uG8tGdSV85ech41a0A000 cs4=ALERT cs5=2012 act=transformed",
      "severity": 6
    },
    "message": " Maximum no. of potential credit card numbers seen",
    "observer": {
      "product": "NetScaler",
      "vendor": "Citrix",
      "version": "NS10.0"
    },
    "source": {
      "ip": "10.217.253.78",
      "port": 56116
    },
    "url": {
      "original": "http://vpx247.example.net/FFC/CreditCardMind.html"
    }
  },
  {
    "cef": {
      "device": {
        "event_class_id": "APPFW",
        "product": "NetScaler",
        "vendor": "Citrix",
        "version": "NS10.0"
      },
      "extensions": {
        "DeviceCustomNumber2": "205",
        "deviceAction": "not blocked",
        "deviceCustomNumber1": "224",
        "deviceCustomString1": "pr_ffc",
        "deviceCustomString2": "PPE0",
        "deviceCustomString3": "POousP7CIMW5nwZ5Rs4nq5DND0sA000",
        "deviceCustomString4": "ALERT",
        "deviceCustomString5": "2012",
        "message": " Signature violation rule ID 807: web-cgi /wwwboard/passwd.txt access",
        "method": "GET",
        "requestUrl": "http://vpx247.example.net/FFC/wwwboard/passwd.txt",
        "sourceAddress": "10.217.253.78",
        "sourcePort": "56687"
      },
      "name": "APPFW_SIGNATURE_MATCH",
      "severity": "6",
      "version": "0"
    },
    "event": {
      "action": "not blocked",
      "code": "APPFW",
      "original": "CEF:0|Citrix|NetScaler|NS10.0|APPFW|APPFW_SIGNATURE_MATCH|6|src=10.217.253.78 spt=56687 method=GET request=http://vpx247.example.net/FFC/wwwboard/passwd.txt msg= Signature violation rule ID 807: web-cgi /wwwboard/passwd.txt access cn1=224 cn2=205 cs1=pr_ffc cs2=PPE0 cs3=POousP7CIMW5nwZ5Rs4nq5DND0sA000 cs4=ALERT cs5=2012 act=not blocked",
      "severity": 6
    },
    "message": " Signature violation rule ID 807: web-cgi /wwwboard/passwd.txt access",
    "observer": {
      "product": "NetScaler",
      "vendor": "Citrix",
      "version": "NS10.0"
    },
    "source": {
      "ip": "10.217.253.78",
      "port": 56687
    },
    "url": {
      "original": "http://vpx247.example.net/FFC/wwwboard/passwd.txt"
    }
  },
  {
    "cef": {
      "device": {
        "event_class_id": "18",
        "product": "Vaporware",
        "vendor": "Elastic",
        "version": "1.0.0-alpha"
      },
      "extensions": {
        "destinationGeoLatitude": "38.915",
        "destinationGeoLongitude": "-77.511",
        "destinationServiceName": "chrome",
        "eventId": "3457",
        "rawEvent": "{\"x\": \"y\"}",
        "requestContext": "application/json",
        "requestMethod": "POST",
        "sourceServiceName": "httpd",
        "transportProtocol": "TCP"
      },
      "name": "Something awesome happened",
      "severity": "very-high",
      "version": "0"
    },
    "destination": {
      "geo": {
        "location": {
          "lat": 38.915,
          "lon": -77.511
        }
      },
      "service": {
        "name": "chrome"
      }
    },
    "event": {
      "code": "18",
      "id": 3457,
      "original": "CEF:0|Elastic|Vaporware|1.0.0-alpha|18|Something awesome happened|very-high|eventId=3457 requestMethod=POST dlat=38.915 dlong=-77.511 proto=TCP rawEvent={\"x\": \"y\"} sourceServiceName=httpd destinationServiceName=chrome requestContext=application/json",
      "severity": 9
    },
    "http": {
      "request": {
        "method": "POST"
      }
    },
    "message": "Something awesome happened",
    "network": {
      "transport": "tcp"
    },
    "observer": {
      "product": "Vaporware",
      "vendor": "Elastic",
      "version": "1.0.0-alpha"
    },
    "source": {
      "service": {
        "name": "httpd"
      }
    }
  }
]
