[
	{
		"RootFields": {},
		"ModuleFields": {
			"labels": {
				"app": "example2"
			},
			"namespace": "default"
		},
		"MetricSetFields": {
			"cluster_ip": "1.2.3.5",
			"created": "2017-07-14T02:40:00.000Z",
			"name": "test-service2",
			"type": "NodePort"
		},
		"Index": "",
		"ID": "",
		"Namespace": "kubernetes.service",
		"Timestamp": "0001-01-01T00:00:00Z",
		"Error": null,
		"Host": "",
		"Service": "",
		"Took": 0,
		"Period": 0,
		"DisableTimeSeries": false
	},
	{
		"RootFields": {},
		"ModuleFields": {
			"labels": {
				"app": "example3"
			},
			"namespace": "default"
		},
		"MetricSetFields": {
			"cluster_ip": "1.2.3.6",
			"created": "2017-07-14T02:40:00.000Z",
			"load_balancer_ip": "1.2.3.7",
			"name": "test-service3",
			"type": "LoadBalancer"
		},
		"Index": "",
		"ID": "",
		"Namespace": "kubernetes.service",
		"Timestamp": "0001-01-01T00:00:00Z",
		"Error": null,
		"Host": "",
		"Service": "",
		"Took": 0,
		"Period": 0,
		"DisableTimeSeries": false
	},
	{
		"RootFields": {},
		"ModuleFields": {
			"labels": {
				"app": "example5"
			},
			"namespace": "default"
		},
		"MetricSetFields": {
			"created": "2017-07-14T02:40:00.000Z",
			"ingress_hostname": "www.example.com",
			"ingress_ip": "1.2.3.8",
			"name": "test-service5",
			"type": "LoadBalancer"
		},
		"Index": "",
		"ID": "",
		"Namespace": "kubernetes.service",
		"Timestamp": "0001-01-01T00:00:00Z",
		"Error": null,
		"Host": "",
		"Service": "",
		"Took": 0,
		"Period": 0,
		"DisableTimeSeries": false
	},
	{
		"RootFields": {},
		"ModuleFields": {
			"labels": {
				"app": "example4"
			},
			"namespace": "default"
		},
		"MetricSetFields": {
			"created": "2017-07-14T02:40:00.000Z",
			"external_name": "www.example.com",
			"name": "test-service4",
			"type": "ExternalName"
		},
		"Index": "",
		"ID": "",
		"Namespace": "kubernetes.service",
		"Timestamp": "0001-01-01T00:00:00Z",
		"Error": null,
		"Host": "",
		"Service": "",
		"Took": 0,
		"Period": 0,
		"DisableTimeSeries": false
	},
	{
		"RootFields": {},
		"ModuleFields": {
			"labels": {
				"app": "example6"
			},
			"namespace": "default"
		},
		"MetricSetFields": {
			"created": "2017-07-14T02:40:00.000Z",
			"external_ip": "1.2.3.10",
			"name": "test-service6",
			"type": "ClusterIP"
		},
		"Index": "",
		"ID": "",
		"Namespace": "kubernetes.service",
		"Timestamp": "0001-01-01T00:00:00Z",
		"Error": null,
		"Host": "",
		"Service": "",
		"Took": 0,
		"Period": 0,
		"DisableTimeSeries": false
	},
	{
		"RootFields": {},
		"ModuleFields": {
			"labels": {
				"app": "example1"
			},
			"namespace": "default"
		},
		"MetricSetFields": {
			"cluster_ip": "1.2.3.4",
			"created": "2017-07-14T02:40:00.000Z",
			"name": "test-service1",
			"type": "ClusterIP"
		},
		"Index": "",
		"ID": "",
		"Namespace": "kubernetes.service",
		"Timestamp": "0001-01-01T00:00:00Z",
		"Error": null,
		"Host": "",
		"Service": "",
		"Took": 0,
		"Period": 0,
		"DisableTimeSeries": false
	}
]