[
	{
		"RootFields": null,
		"ModuleFields": {
			"labels": {
				"uid": "47c4b57d-96b5-482c-9da0-c543cd1589fb"
			},
			"namespace": "kube-system"
		},
		"MetricSetFields": {
			"cluster_ip": "None",
			"created": "2023-08-09T08:06:42.000Z",
			"name": "kube-state-metrics",
			"type": "ClusterIP"
		},
		"Index": "",
		"ID": "",
		"Namespace": "kubernetes.service",
		"Timestamp": "0001-01-01T00:00:00Z",
		"Error": null,
		"Host": "",
		"Service": "",
		"Took": 0,
		"Period": 0,
		"DisableTimeSeries": false
	},
	{
		"RootFields": null,
		"ModuleFields": {
			"labels": {
				"uid": "d402e60c-e633-4ef1-919e-08bfd4fe1c5c"
			},
			"namespace": "default"
		},
		"MetricSetFields": {
			"cluster_ip": "10.96.0.1",
			"created": "2023-08-09T07:32:18.000Z",
			"name": "kubernetes",
			"type": "ClusterIP"
		},
		"Index": "",
		"ID": "",
		"Namespace": "kubernetes.service",
		"Timestamp": "0001-01-01T00:00:00Z",
		"Error": null,
		"Host": "",
		"Service": "",
		"Took": 0,
		"Period": 0,
		"DisableTimeSeries": false
	},
	{
		"RootFields": null,
		"ModuleFields": {
			"labels": {
				"uid": "057e71cd-9a20-4382-85d1-04e087a20354"
			},
			"namespace": "kube-system"
		},
		"MetricSetFields": {
			"cluster_ip": "10.96.0.10",
			"created": "2023-08-09T07:32:20.000Z",
			"name": "kube-dns",
			"type": "ClusterIP"
		},
		"Index": "",
		"ID": "",
		"Namespace": "kubernetes.service",
		"Timestamp": "0001-01-01T00:00:00Z",
		"Error": null,
		"Host": "",
		"Service": "",
		"Took": 0,
		"Period": 0,
		"DisableTimeSeries": false
	}
]