[
	{
		"RootFields": null,
		"ModuleFields": {
			"namespace": "default"
		},
		"MetricSetFields": {
			"access_mode": "ReadWriteOnce",
			"name": "www-web-0",
			"phase": "Pending",
			"request_storage": {
				"bytes": 1073741824
			},
			"storage_class": "my-storage-class"
		},
		"Index": "",
		"ID": "",
		"Namespace": "kubernetes.persistentvolumeclaim",
		"Timestamp": "0001-01-01T00:00:00Z",
		"Error": null,
		"Host": "",
		"Service": "",
		"Took": 0,
		"Period": 0,
		"DisableTimeSeries": false
	},
	{
		"RootFields": null,
		"ModuleFields": {
			"namespace": "default"
		},
		"MetricSetFields": {
			"access_mode": "ReadWriteOnce",
			"name": "myclaim",
			"phase": "Pending",
			"request_storage": {
				"bytes": 8589934592
			},
			"storage_class": "slow"
		},
		"Index": "",
		"ID": "",
		"Namespace": "kubernetes.persistentvolumeclaim",
		"Timestamp": "0001-01-01T00:00:00Z",
		"Error": null,
		"Host": "",
		"Service": "",
		"Took": 0,
		"Period": 0,
		"DisableTimeSeries": false
	}
]