[
	{
		"RootFields": {},
		"ModuleFields": null,
		"MetricSetFields": {
			"client": {
				"request": {
					"count": 33
				}
			},
			"code": "404",
			"host": "172.18.0.2:6443",
			"method": "GET"
		},
		"Index": "",
		"ID": "",
		"Namespace": "",
		"Timestamp": "0001-01-01T00:00:00Z",
		"Error": null,
		"Host": "",
		"Service": "",
		"Took": 0,
		"Period": 0,
		"DisableTimeSeries": false
	},
	{
		"RootFields": {},
		"ModuleFields": null,
		"MetricSetFields": {
			"client": {
				"request": {
					"duration": {
						"us": {
							"bucket": {
								"+Inf": 89,
								"100000": 76,
								"1000000": 89,
								"15000000": 89,
								"2000000": 89,
								"25000": 57,
								"250000": 77,
								"30000000": 89,
								"4000000": 89,
								"5000": 20,
								"500000": 89,
								"60000000": 89,
								"8000000": 89
							},
							"count": 89,
							"sum": 5392320.426000001
						}
					},
					"size": {
						"bytes": {
							"bucket": {
								"+Inf": 89,
								"1024": 69,
								"1048576": 89,
								"16384": 89,
								"16777216": 89,
								"256": 53,
								"262144": 89,
								"4096": 88,
								"4194304": 89,
								"512": 65,
								"64": 1,
								"65536": 89
							},
							"count": 89,
							"sum": 47067
						}
					}
				},
				"response": {
					"size": {
						"bytes": {
							"bucket": {
								"+Inf": 89,
								"1024": 55,
								"1048576": 89,
								"16384": 89,
								"16777216": 89,
								"256": 41,
								"262144": 89,
								"4096": 87,
								"4194304": 89,
								"512": 42,
								"64": 0,
								"65536": 89
							},
							"count": 89,
							"sum": 84305
						}
					}
				}
			},
			"host": "172.18.0.2:6443",
			"verb": "POST"
		},
		"Index": "",
		"ID": "",
		"Namespace": "",
		"Timestamp": "0001-01-01T00:00:00Z",
		"Error": null,
		"Host": "",
		"Service": "",
		"Took": 0,
		"Period": 0,
		"DisableTimeSeries": false
	},
	{
		"RootFields": {},
		"ModuleFields": null,
		"MetricSetFields": {
			"name": "job",
			"workqueue": {
				"adds": {
					"count": 0
				},
				"depth": {
					"count": 0
				},
				"longestrunning": {
					"sec": 0
				},
				"retries": {
					"count": 0
				},
				"unfinished": {
					"sec": 0
				}
			}
		},
		"Index": "",
		"ID": "",
		"Namespace": "",
		"Timestamp": "0001-01-01T00:00:00Z",
		"Error": null,
		"Host": "",
		"Service": "",
		"Took": 0,
		"Period": 0,
		"DisableTimeSeries": false
	},
	{
		"RootFields": {},
		"ModuleFields": null,
		"MetricSetFields": {
			"name": "endpoint_slice",
			"workqueue": {
				"adds": {
					"count": 9
				},
				"depth": {
					"count": 0
				},
				"longestrunning": {
					"sec": 0
				},
				"retries": {
					"count": 9
				},
				"unfinished": {
					"sec": 0
				}
			}
		},
		"Index": "",
		"ID": "",
		"Namespace": "",
		"Timestamp": "0001-01-01T00:00:00Z",
		"Error": null,
		"Host": "",
		"Service": "",
		"Took": 0,
		"Period": 0,
		"DisableTimeSeries": false
	},
	{
		"RootFields": {},
		"ModuleFields": null,
		"MetricSetFields": {
			"client": {
				"request": {
					"count": 5
				}
			},
			"code": "409",
			"host": "172.18.0.2:6443",
			"method": "PUT"
		},
		"Index": "",
		"ID": "",
		"Namespace": "",
		"Timestamp": "0001-01-01T00:00:00Z",
		"Error": null,
		"Host": "",
		"Service": "",
		"Took": 0,
		"Period": 0,
		"DisableTimeSeries": false
	},
	{
		"RootFields": {},
		"ModuleFields": null,
		"MetricSetFields": {
			"client": {
				"request": {
					"count": 619
				}
			},
			"code": "200",
			"host": "172.18.0.2:6443",
			"method": "GET"
		},
		"Index": "",
		"ID": "",
		"Namespace": "",
		"Timestamp": "0001-01-01T00:00:00Z",
		"Error": null,
		"Host": "",
		"Service": "",
		"Took": 0,
		"Period": 0,
		"DisableTimeSeries": false
	},
	{
		"RootFields": {},
		"ModuleFields": null,
		"MetricSetFields": {
			"name": "replicationmanager",
			"workqueue": {
				"adds": {
					"count": 0
				},
				"depth": {
					"count": 0
				},
				"longestrunning": {
					"sec": 0
				},
				"retries": {
					"count": 0
				},
				"unfinished": {
					"sec": 0
				}
			}
		},
		"Index": "",
		"ID": "",
		"Namespace": "",
		"Timestamp": "0001-01-01T00:00:00Z",
		"Error": null,
		"Host": "",
		"Service": "",
		"Took": 0,
		"Period": 0,
		"DisableTimeSeries": false
	},
	{
		"RootFields": {},
		"ModuleFields": null,
		"MetricSetFields": {
			"node": {
				"collector": {
					"count": 1,
					"eviction": {
						"count": 0
					},
					"health": {
						"pct": 100
					},
					"unhealthy": {
						"count": 0
					}
				}
			},
			"process": {
				"cpu": {
					"sec": 18
				},
				"fds": {
					"max": {
						"count": 1048576
					},
					"open": {
						"count": 19
					}
				},
				"memory": {
					"resident": {
						"bytes": 94121984
					},
					"virtual": {
						"bytes": 800964608
					}
				},
				"started": {
					"sec": 1691572169.24
				}
			}
		},
		"Index": "",
		"ID": "",
		"Namespace": "",
		"Timestamp": "0001-01-01T00:00:00Z",
		"Error": null,
		"Host": "",
		"Service": "",
		"Took": 0,
		"Period": 0,
		"DisableTimeSeries": false
	},
	{
		"RootFields": {},
		"ModuleFields": null,
		"MetricSetFields": {
			"name": "serviceaccount_tokens_service",
			"workqueue": {
				"adds": {
					"count": 42
				},
				"depth": {
					"count": 0
				},
				"longestrunning": {
					"sec": 0
				},
				"retries": {
					"count": 0
				},
				"unfinished": {
					"sec": 0
				}
			}
		},
		"Index": "",
		"ID": "",
		"Namespace": "",
		"Timestamp": "0001-01-01T00:00:00Z",
		"Error": null,
		"Host": "",
		"Service": "",
		"Took": 0,
		"Period": 0,
		"DisableTimeSeries": false
	},
	{
		"RootFields": {},
		"ModuleFields": null,
		"MetricSetFields": {
			"name": "bootstrap_signer_queue",
			"workqueue": {
				"adds": {
					"count": 2
				},
				"depth": {
					"count": 0
				},
				"longestrunning": {
					"sec": 0
				},
				"retries": {
					"count": 0
				},
				"unfinished": {
					"sec": 0
				}
			}
		},
		"Index": "",
		"ID": "",
		"Namespace": "",
		"Timestamp": "0001-01-01T00:00:00Z",
		"Error": null,
		"Host": "",
		"Service": "",
		"Took": 0,
		"Period": 0,
		"DisableTimeSeries": false
	},
	{
		"RootFields": {},
		"ModuleFields": null,
		"MetricSetFields": {
			"name": "claims",
			"workqueue": {
				"adds": {
					"count": 0
				},
				"depth": {
					"count": 0
				},
				"longestrunning": {
					"sec": 0
				},
				"unfinished": {
					"sec": 0
				}
			}
		},
		"Index": "",
		"ID": "",
		"Namespace": "",
		"Timestamp": "0001-01-01T00:00:00Z",
		"Error": null,
		"Host": "",
		"Service": "",
		"Took": 0,
		"Period": 0,
		"DisableTimeSeries": false
	},
	{
		"RootFields": {},
		"ModuleFields": null,
		"MetricSetFields": {
			"client": {
				"request": {
					"duration": {
						"us": {
							"bucket": {
								"+Inf": 353,
								"100000": 352,
								"1000000": 353,
								"15000000": 353,
								"2000000": 353,
								"25000": 351,
								"250000": 352,
								"30000000": 353,
								"4000000": 353,
								"5000": 29,
								"500000": 353,
								"60000000": 353,
								"8000000": 353
							},
							"count": 353,
							"sum": 3877152.228000004
						}
					},
					"size": {
						"bytes": {
							"bucket": {
								"+Inf": 353,
								"1024": 321,
								"1048576": 353,
								"16384": 353,
								"16777216": 353,
								"256": 0,
								"262144": 353,
								"4096": 346,
								"4194304": 353,
								"512": 317,
								"64": 0,
								"65536": 353
							},
							"count": 353,
							"sum": 264367
						}
					}
				},
				"response": {
					"size": {
						"bytes": {
							"bucket": {
								"+Inf": 353,
								"1024": 325,
								"1048576": 353,
								"16384": 353,
								"16777216": 353,
								"256": 2,
								"262144": 353,
								"4096": 346,
								"4194304": 353,
								"512": 322,
								"64": 0,
								"65536": 353
							},
							"count": 353,
							"sum": 249739
						}
					}
				}
			},
			"host": "172.18.0.2:6443",
			"verb": "PUT"
		},
		"Index": "",
		"ID": "",
		"Namespace": "",
		"Timestamp": "0001-01-01T00:00:00Z",
		"Error": null,
		"Host": "",
		"Service": "",
		"Took": 0,
		"Period": 0,
		"DisableTimeSeries": false
	},
	{
		"RootFields": {},
		"ModuleFields": null,
		"MetricSetFields": {
			"name": "DynamicServingCertificateController",
			"workqueue": {
				"adds": {
					"count": 11
				},
				"depth": {
					"count": 0
				},
				"longestrunning": {
					"sec": 0
				},
				"retries": {
					"count": 0
				},
				"unfinished": {
					"sec": 0
				}
			}
		},
		"Index": "",
		"ID": "",
		"Namespace": "",
		"Timestamp": "0001-01-01T00:00:00Z",
		"Error": null,
		"Host": "",
		"Service": "",
		"Took": 0,
		"Period": 0,
		"DisableTimeSeries": false
	},
	{
		"RootFields": {},
		"ModuleFields": null,
		"MetricSetFields": {
			"name": "node_lifecycle_controller_pods",
			"workqueue": {
				"adds": {
					"count": 10
				},
				"depth": {
					"count": 0
				},
				"longestrunning": {
					"sec": 0
				},
				"retries": {
					"count": 0
				},
				"unfinished": {
					"sec": 0
				}
			}
		},
		"Index": "",
		"ID": "",
		"Namespace": "",
		"Timestamp": "0001-01-01T00:00:00Z",
		"Error": null,
		"Host": "",
		"Service": "",
		"Took": 0,
		"Period": 0,
		"DisableTimeSeries": false
	},
	{
		"RootFields": {},
		"ModuleFields": null,
		"MetricSetFields": {
			"name": "cronjob",
			"workqueue": {
				"adds": {
					"count": 0
				},
				"depth": {
					"count": 0
				},
				"longestrunning": {
					"sec": 0
				},
				"retries": {
					"count": 0
				},
				"unfinished": {
					"sec": 0
				}
			}
		},
		"Index": "",
		"ID": "",
		"Namespace": "",
		"Timestamp": "0001-01-01T00:00:00Z",
		"Error": null,
		"Host": "",
		"Service": "",
		"Took": 0,
		"Period": 0,
		"DisableTimeSeries": false
	},
	{
		"RootFields": {},
		"ModuleFields": null,
		"MetricSetFields": {
			"name": "noexec_taint_pod",
			"workqueue": {
				"adds": {
					"count": 16
				},
				"depth": {
					"count": 0
				},
				"longestrunning": {
					"sec": 0
				},
				"unfinished": {
					"sec": 0
				}
			}
		},
		"Index": "",
		"ID": "",
		"Namespace": "",
		"Timestamp": "0001-01-01T00:00:00Z",
		"Error": null,
		"Host": "",
		"Service": "",
		"Took": 0,
		"Period": 0,
		"DisableTimeSeries": false
	},
	{
		"RootFields": {},
		"ModuleFields": null,
		"MetricSetFields": {
			"name": "disruption_recheck",
			"workqueue": {
				"adds": {
					"count": 0
				},
				"depth": {
					"count": 0
				},
				"longestrunning": {
					"sec": 0
				},
				"retries": {
					"count": 0
				},
				"unfinished": {
					"sec": 0
				}
			}
		},
		"Index": "",
		"ID": "",
		"Namespace": "",
		"Timestamp": "0001-01-01T00:00:00Z",
		"Error": null,
		"Host": "",
		"Service": "",
		"Took": 0,
		"Period": 0,
		"DisableTimeSeries": false
	},
	{
		"RootFields": {},
		"ModuleFields": null,
		"MetricSetFields": {
			"name": "disruption",
			"workqueue": {
				"adds": {
					"count": 0
				},
				"depth": {
					"count": 0
				},
				"longestrunning": {
					"sec": 0
				},
				"retries": {
					"count": 0
				},
				"unfinished": {
					"sec": 0
				}
			}
		},
		"Index": "",
		"ID": "",
		"Namespace": "",
		"Timestamp": "0001-01-01T00:00:00Z",
		"Error": null,
		"Host": "",
		"Service": "",
		"Took": 0,
		"Period": 0,
		"DisableTimeSeries": false
	},
	{
		"RootFields": {},
		"ModuleFields": null,
		"MetricSetFields": {
			"client": {
				"request": {
					"count": 85
				}
			},
			"code": "201",
			"host": "172.18.0.2:6443",
			"method": "POST"
		},
		"Index": "",
		"ID": "",
		"Namespace": "",
		"Timestamp": "0001-01-01T00:00:00Z",
		"Error": null,
		"Host": "",
		"Service": "",
		"Took": 0,
		"Period": 0,
		"DisableTimeSeries": false
	},
	{
		"RootFields": {},
		"ModuleFields": null,
		"MetricSetFields": {
			"name": "pvcs",
			"workqueue": {
				"adds": {
					"count": 0
				},
				"depth": {
					"count": 0
				},
				"longestrunning": {
					"sec": 0
				},
				"retries": {
					"count": 0
				},
				"unfinished": {
					"sec": 0
				}
			}
		},
		"Index": "",
		"ID": "",
		"Namespace": "",
		"Timestamp": "0001-01-01T00:00:00Z",
		"Error": null,
		"Host": "",
		"Service": "",
		"Took": 0,
		"Period": 0,
		"DisableTimeSeries": false
	},
	{
		"RootFields": {},
		"ModuleFields": null,
		"MetricSetFields": {
			"name": "garbage_collector_graph_changes",
			"workqueue": {
				"adds": {
					"count": 1333
				},
				"depth": {
					"count": 0
				},
				"longestrunning": {
					"sec": 0
				},
				"retries": {
					"count": 0
				},
				"unfinished": {
					"sec": 0
				}
			}
		},
		"Index": "",
		"ID": "",
		"Namespace": "",
		"Timestamp": "0001-01-01T00:00:00Z",
		"Error": null,
		"Host": "",
		"Service": "",
		"Took": 0,
		"Period": 0,
		"DisableTimeSeries": false
	},
	{
		"RootFields": {},
		"ModuleFields": null,
		"MetricSetFields": {
			"name": "DynamicCABundle-request-header",
			"workqueue": {
				"adds": {
					"count": 2
				},
				"depth": {
					"count": 0
				},
				"longestrunning": {
					"sec": 0
				},
				"retries": {
					"count": 0
				},
				"unfinished": {
					"sec": 0
				}
			}
		},
		"Index": "",
		"ID": "",
		"Namespace": "",
		"Timestamp": "0001-01-01T00:00:00Z",
		"Error": null,
		"Host": "",
		"Service": "",
		"Took": 0,
		"Period": 0,
		"DisableTimeSeries": false
	},
	{
		"RootFields": {},
		"ModuleFields": null,
		"MetricSetFields": {
			"client": {
				"request": {
					"duration": {
						"us": {
							"bucket": {
								"+Inf": 561,
								"100000": 544,
								"1000000": 560,
								"15000000": 561,
								"2000000": 560,
								"25000": 501,
								"250000": 553,
								"30000000": 561,
								"4000000": 561,
								"5000": 447,
								"500000": 558,
								"60000000": 561,
								"8000000": 561
							},
							"count": 561,
							"sum": 11537652.950999988
						}
					},
					"size": {
						"bytes": {
							"bucket": {
								"+Inf": 561,
								"1024": 561,
								"1048576": 561,
								"16384": 561,
								"16777216": 561,
								"256": 561,
								"262144": 561,
								"4096": 561,
								"4194304": 561,
								"512": 561,
								"64": 561,
								"65536": 561
							},
							"count": 561,
							"sum": 0
						}
					}
				},
				"response": {
					"size": {
						"bytes": {
							"bucket": {
								"+Inf": 561,
								"1024": 441,
								"1048576": 561,
								"16384": 558,
								"16777216": 561,
								"256": 84,
								"262144": 561,
								"4096": 458,
								"4194304": 561,
								"512": 437,
								"64": 20,
								"65536": 561
							},
							"count": 561,
							"sum": 1424272
						}
					}
				}
			},
			"host": "172.18.0.2:6443",
			"verb": "GET"
		},
		"Index": "",
		"ID": "",
		"Namespace": "",
		"Timestamp": "0001-01-01T00:00:00Z",
		"Error": null,
		"Host": "",
		"Service": "",
		"Took": 0,
		"Period": 0,
		"DisableTimeSeries": false
	},
	{
		"RootFields": {},
		"ModuleFields": null,
		"MetricSetFields": {
			"name": "certificate",
			"workqueue": {
				"adds": {
					"count": 0
				},
				"depth": {
					"count": 0
				},
				"longestrunning": {
					"sec": 0
				},
				"retries": {
					"count": 0
				},
				"unfinished": {
					"sec": 0
				}
			}
		},
		"Index": "",
		"ID": "",
		"Namespace": "",
		"Timestamp": "0001-01-01T00:00:00Z",
		"Error": null,
		"Host": "",
		"Service": "",
		"Took": 0,
		"Period": 0,
		"DisableTimeSeries": false
	},
	{
		"RootFields": {},
		"ModuleFields": null,
		"MetricSetFields": {
			"name": "statefulset",
			"workqueue": {
				"adds": {
					"count": 0
				},
				"depth": {
					"count": 0
				},
				"longestrunning": {
					"sec": 0
				},
				"retries": {
					"count": 0
				},
				"unfinished": {
					"sec": 0
				}
			}
		},
		"Index": "",
		"ID": "",
		"Namespace": "",
		"Timestamp": "0001-01-01T00:00:00Z",
		"Error": null,
		"Host": "",
		"Service": "",
		"Took": 0,
		"Period": 0,
		"DisableTimeSeries": false
	},
	{
		"RootFields": {},
		"ModuleFields": null,
		"MetricSetFields": {
			"leader": {
				"is_master": true
			},
			"name": "kube-controller-manager"
		},
		"Index": "",
		"ID": "",
		"Namespace": "",
		"Timestamp": "0001-01-01T00:00:00Z",
		"Error": null,
		"Host": "",
		"Service": "",
		"Took": 0,
		"Period": 0,
		"DisableTimeSeries": false
	},
	{
		"RootFields": {},
		"ModuleFields": null,
		"MetricSetFields": {
			"name": "node_lifecycle_controller",
			"workqueue": {
				"adds": {
					"count": 6
				},
				"depth": {
					"count": 0
				},
				"longestrunning": {
					"sec": 0
				},
				"unfinished": {
					"sec": 0
				}
			}
		},
		"Index": "",
		"ID": "",
		"Namespace": "",
		"Timestamp": "0001-01-01T00:00:00Z",
		"Error": null,
		"Host": "",
		"Service": "",
		"Took": 0,
		"Period": 0,
		"DisableTimeSeries": false
	},
	{
		"RootFields": {},
		"ModuleFields": null,
		"MetricSetFields": {
			"name": "root_ca_cert_publisher",
			"workqueue": {
				"adds": {
					"count": 5
				},
				"depth": {
					"count": 0
				},
				"longestrunning": {
					"sec": 0
				},
				"retries": {
					"count": 0
				},
				"unfinished": {
					"sec": 0
				}
			}
		},
		"Index": "",
		"ID": "",
		"Namespace": "",
		"Timestamp": "0001-01-01T00:00:00Z",
		"Error": null,
		"Host": "",
		"Service": "",
		"Took": 0,
		"Period": 0,
		"DisableTimeSeries": false
	},
	{
		"RootFields": {},
		"ModuleFields": null,
		"MetricSetFields": {
			"name": "node",
			"workqueue": {
				"adds": {
					"count": 1
				},
				"depth": {
					"count": 1
				},
				"longestrunning": {
					"sec": 0
				},
				"retries": {
					"count": 0
				},
				"unfinished": {
					"sec": 0
				}
			}
		},
		"Index": "",
		"ID": "",
		"Namespace": "",
		"Timestamp": "0001-01-01T00:00:00Z",
		"Error": null,
		"Host": "",
		"Service": "",
		"Took": 0,
		"Period": 0,
		"DisableTimeSeries": false
	},
	{
		"RootFields": {},
		"ModuleFields": null,
		"MetricSetFields": {
			"name": "ttlcontroller",
			"workqueue": {
				"adds": {
					"count": 8
				},
				"depth": {
					"count": 0
				},
				"longestrunning": {
					"sec": 0
				},
				"retries": {
					"count": 0
				},
				"unfinished": {
					"sec": 0
				}
			}
		},
		"Index": "",
		"ID": "",
		"Namespace": "",
		"Timestamp": "0001-01-01T00:00:00Z",
		"Error": null,
		"Host": "",
		"Service": "",
		"Took": 0,
		"Period": 0,
		"DisableTimeSeries": false
	},
	{
		"RootFields": {},
		"ModuleFields": null,
		"MetricSetFields": {
			"client": {
				"request": {
					"count": 12
				}
			},
			"code": "200",
			"host": "172.18.0.2:6443",
			"method": "PATCH"
		},
		"Index": "",
		"ID": "",
		"Namespace": "",
		"Timestamp": "0001-01-01T00:00:00Z",
		"Error": null,
		"Host": "",
		"Service": "",
		"Took": 0,
		"Period": 0,
		"DisableTimeSeries": false
	},
	{
		"RootFields": {},
		"ModuleFields": null,
		"MetricSetFields": {
			"name": "ttl_jobs_to_delete",
			"workqueue": {
				"adds": {
					"count": 0
				},
				"depth": {
					"count": 0
				},
				"longestrunning": {
					"sec": 0
				},
				"retries": {
					"count": 0
				},
				"unfinished": {
					"sec": 0
				}
			}
		},
		"Index": "",
		"ID": "",
		"Namespace": "",
		"Timestamp": "0001-01-01T00:00:00Z",
		"Error": null,
		"Host": "",
		"Service": "",
		"Took": 0,
		"Period": 0,
		"DisableTimeSeries": false
	},
	{
		"RootFields": {},
		"ModuleFields": null,
		"MetricSetFields": {
			"name": "serviceaccount_tokens_secret",
			"workqueue": {
				"adds": {
					"count": 0
				},
				"depth": {
					"count": 0
				},
				"longestrunning": {
					"sec": 0
				},
				"retries": {
					"count": 0
				},
				"unfinished": {
					"sec": 0
				}
			}
		},
		"Index": "",
		"ID": "",
		"Namespace": "",
		"Timestamp": "0001-01-01T00:00:00Z",
		"Error": null,
		"Host": "",
		"Service": "",
		"Took": 0,
		"Period": 0,
		"DisableTimeSeries": false
	},
	{
		"RootFields": {},
		"ModuleFields": null,
		"MetricSetFields": {
			"name": "job_orphan_pod",
			"workqueue": {
				"adds": {
					"count": 0
				},
				"depth": {
					"count": 0
				},
				"longestrunning": {
					"sec": 0
				},
				"retries": {
					"count": 0
				},
				"unfinished": {
					"sec": 0
				}
			}
		},
		"Index": "",
		"ID": "",
		"Namespace": "",
		"Timestamp": "0001-01-01T00:00:00Z",
		"Error": null,
		"Host": "",
		"Service": "",
		"Took": 0,
		"Period": 0,
		"DisableTimeSeries": false
	},
	{
		"RootFields": {},
		"ModuleFields": null,
		"MetricSetFields": {
			"name": "endpoint",
			"workqueue": {
				"adds": {
					"count": 7
				},
				"depth": {
					"count": 0
				},
				"longestrunning": {
					"sec": 0
				},
				"retries": {
					"count": 5
				},
				"unfinished": {
					"sec": 0
				}
			}
		},
		"Index": "",
		"ID": "",
		"Namespace": "",
		"Timestamp": "0001-01-01T00:00:00Z",
		"Error": null,
		"Host": "",
		"Service": "",
		"Took": 0,
		"Period": 0,
		"DisableTimeSeries": false
	},
	{
		"RootFields": {},
		"ModuleFields": null,
		"MetricSetFields": {
			"name": "volume_expand",
			"workqueue": {
				"adds": {
					"count": 0
				},
				"depth": {
					"count": 0
				},
				"longestrunning": {
					"sec": 0
				},
				"retries": {
					"count": 0
				},
				"unfinished": {
					"sec": 0
				}
			}
		},
		"Index": "",
		"ID": "",
		"Namespace": "",
		"Timestamp": "0001-01-01T00:00:00Z",
		"Error": null,
		"Host": "",
		"Service": "",
		"Took": 0,
		"Period": 0,
		"DisableTimeSeries": false
	},
	{
		"RootFields": {},
		"ModuleFields": null,
		"MetricSetFields": {
			"name": "ephemeral_volume",
			"workqueue": {
				"adds": {
					"count": 0
				},
				"depth": {
					"count": 0
				},
				"longestrunning": {
					"sec": 0
				},
				"retries": {
					"count": 0
				},
				"unfinished": {
					"sec": 0
				}
			}
		},
		"Index": "",
		"ID": "",
		"Namespace": "",
		"Timestamp": "0001-01-01T00:00:00Z",
		"Error": null,
		"Host": "",
		"Service": "",
		"Took": 0,
		"Period": 0,
		"DisableTimeSeries": false
	},
	{
		"RootFields": {},
		"ModuleFields": null,
		"MetricSetFields": {
			"name": "deployment",
			"workqueue": {
				"adds": {
					"count": 24
				},
				"depth": {
					"count": 0
				},
				"longestrunning": {
					"sec": 0
				},
				"retries": {
					"count": 13
				},
				"unfinished": {
					"sec": 0
				}
			}
		},
		"Index": "",
		"ID": "",
		"Namespace": "",
		"Timestamp": "0001-01-01T00:00:00Z",
		"Error": null,
		"Host": "",
		"Service": "",
		"Took": 0,
		"Period": 0,
		"DisableTimeSeries": false
	},
	{
		"RootFields": {},
		"ModuleFields": null,
		"MetricSetFields": {
			"client": {
				"request": {
					"duration": {
						"us": {
							"bucket": {
								"+Inf": 12,
								"100000": 12,
								"1000000": 12,
								"15000000": 12,
								"2000000": 12,
								"25000": 12,
								"250000": 12,
								"30000000": 12,
								"4000000": 12,
								"5000": 0,
								"500000": 12,
								"60000000": 12,
								"8000000": 12
							},
							"count": 12,
							"sum": 164656.37399999998
						}
					},
					"size": {
						"bytes": {
							"bucket": {
								"+Inf": 12,
								"1024": 7,
								"1048576": 12,
								"16384": 12,
								"16777216": 12,
								"256": 6,
								"262144": 12,
								"4096": 12,
								"4194304": 12,
								"512": 7,
								"64": 1,
								"65536": 12
							},
							"count": 12,
							"sum": 15373
						}
					}
				},
				"response": {
					"size": {
						"bytes": {
							"bucket": {
								"+Inf": 12,
								"1024": 4,
								"1048576": 12,
								"16384": 12,
								"16777216": 12,
								"256": 0,
								"262144": 12,
								"4096": 11,
								"4194304": 12,
								"512": 0,
								"64": 0,
								"65536": 12
							},
							"count": 12,
							"sum": 28374
						}
					}
				}
			},
			"host": "172.18.0.2:6443",
			"verb": "PATCH"
		},
		"Index": "",
		"ID": "",
		"Namespace": "",
		"Timestamp": "0001-01-01T00:00:00Z",
		"Error": null,
		"Host": "",
		"Service": "",
		"Took": 0,
		"Period": 0,
		"DisableTimeSeries": false
	},
	{
		"RootFields": {},
		"ModuleFields": null,
		"MetricSetFields": {
			"name": "garbage_collector_attempt_to_orphan",
			"workqueue": {
				"adds": {
					"count": 0
				},
				"depth": {
					"count": 0
				},
				"longestrunning": {
					"sec": 0
				},
				"retries": {
					"count": 0
				},
				"unfinished": {
					"sec": 0
				}
			}
		},
		"Index": "",
		"ID": "",
		"Namespace": "",
		"Timestamp": "0001-01-01T00:00:00Z",
		"Error": null,
		"Host": "",
		"Service": "",
		"Took": 0,
		"Period": 0,
		"DisableTimeSeries": false
	},
	{
		"RootFields": {},
		"ModuleFields": null,
		"MetricSetFields": {
			"name": "token_cleaner",
			"workqueue": {
				"adds": {
					"count": 1
				},
				"depth": {
					"count": 0
				},
				"longestrunning": {
					"sec": 0
				},
				"retries": {
					"count": 1
				},
				"unfinished": {
					"sec": 0
				}
			}
		},
		"Index": "",
		"ID": "",
		"Namespace": "",
		"Timestamp": "0001-01-01T00:00:00Z",
		"Error": null,
		"Host": "",
		"Service": "",
		"Took": 0,
		"Period": 0,
		"DisableTimeSeries": false
	},
	{
		"RootFields": {},
		"ModuleFields": null,
		"MetricSetFields": {
			"name": "stale_pod_disruption",
			"workqueue": {
				"adds": {
					"count": 0
				},
				"depth": {
					"count": 0
				},
				"longestrunning": {
					"sec": 0
				},
				"retries": {
					"count": 0
				},
				"unfinished": {
					"sec": 0
				}
			}
		},
		"Index": "",
		"ID": "",
		"Namespace": "",
		"Timestamp": "0001-01-01T00:00:00Z",
		"Error": null,
		"Host": "",
		"Service": "",
		"Took": 0,
		"Period": 0,
		"DisableTimeSeries": false
	},
	{
		"RootFields": {},
		"ModuleFields": null,
		"MetricSetFields": {
			"name": "resource_quota_controller_resource_changes",
			"workqueue": {
				"adds": {
					"count": 0
				},
				"depth": {
					"count": 0
				},
				"longestrunning": {
					"sec": 0
				},
				"retries": {
					"count": 0
				},
				"unfinished": {
					"sec": 0
				}
			}
		},
		"Index": "",
		"ID": "",
		"Namespace": "",
		"Timestamp": "0001-01-01T00:00:00Z",
		"Error": null,
		"Host": "",
		"Service": "",
		"Took": 0,
		"Period": 0,
		"DisableTimeSeries": false
	},
	{
		"RootFields": {},
		"ModuleFields": null,
		"MetricSetFields": {
			"name": "serviceaccount",
			"workqueue": {
				"adds": {
					"count": 5
				},
				"depth": {
					"count": 0
				},
				"longestrunning": {
					"sec": 0
				},
				"retries": {
					"count": 0
				},
				"unfinished": {
					"sec": 0
				}
			}
		},
		"Index": "",
		"ID": "",
		"Namespace": "",
		"Timestamp": "0001-01-01T00:00:00Z",
		"Error": null,
		"Host": "",
		"Service": "",
		"Took": 0,
		"Period": 0,
		"DisableTimeSeries": false
	},
	{
		"RootFields": {},
		"ModuleFields": null,
		"MetricSetFields": {
			"name": "namespace",
			"workqueue": {
				"adds": {
					"count": 0
				},
				"depth": {
					"count": 0
				},
				"longestrunning": {
					"sec": 0
				},
				"retries": {
					"count": 0
				},
				"unfinished": {
					"sec": 0
				}
			}
		},
		"Index": "",
		"ID": "",
		"Namespace": "",
		"Timestamp": "0001-01-01T00:00:00Z",
		"Error": null,
		"Host": "",
		"Service": "",
		"Took": 0,
		"Period": 0,
		"DisableTimeSeries": false
	},
	{
		"RootFields": {},
		"ModuleFields": null,
		"MetricSetFields": {
			"name": "horizontalpodautoscaler",
			"workqueue": {
				"adds": {
					"count": 0
				},
				"depth": {
					"count": 0
				},
				"longestrunning": {
					"sec": 0
				},
				"retries": {
					"count": 0
				},
				"unfinished": {
					"sec": 0
				}
			}
		},
		"Index": "",
		"ID": "",
		"Namespace": "",
		"Timestamp": "0001-01-01T00:00:00Z",
		"Error": null,
		"Host": "",
		"Service": "",
		"Took": 0,
		"Period": 0,
		"DisableTimeSeries": false
	},
	{
		"RootFields": {},
		"ModuleFields": null,
		"MetricSetFields": {
			"name": "DynamicCABundle-client-ca-bundle",
			"workqueue": {
				"adds": {
					"count": 1
				},
				"depth": {
					"count": 0
				},
				"longestrunning": {
					"sec": 0
				},
				"retries": {
					"count": 0
				},
				"unfinished": {
					"sec": 0
				}
			}
		},
		"Index": "",
		"ID": "",
		"Namespace": "",
		"Timestamp": "0001-01-01T00:00:00Z",
		"Error": null,
		"Host": "",
		"Service": "",
		"Took": 0,
		"Period": 0,
		"DisableTimeSeries": false
	},
	{
		"RootFields": {},
		"ModuleFields": null,
		"MetricSetFields": {
			"name": "pvprotection",
			"workqueue": {
				"adds": {
					"count": 0
				},
				"depth": {
					"count": 0
				},
				"longestrunning": {
					"sec": 0
				},
				"retries": {
					"count": 0
				},
				"unfinished": {
					"sec": 0
				}
			}
		},
		"Index": "",
		"ID": "",
		"Namespace": "",
		"Timestamp": "0001-01-01T00:00:00Z",
		"Error": null,
		"Host": "",
		"Service": "",
		"Took": 0,
		"Period": 0,
		"DisableTimeSeries": false
	},
	{
		"RootFields": {},
		"ModuleFields": null,
		"MetricSetFields": {
			"client": {
				"request": {
					"count": 4
				}
			},
			"code": "403",
			"host": "172.18.0.2:6443",
			"method": "POST"
		},
		"Index": "",
		"ID": "",
		"Namespace": "",
		"Timestamp": "0001-01-01T00:00:00Z",
		"Error": null,
		"Host": "",
		"Service": "",
		"Took": 0,
		"Period": 0,
		"DisableTimeSeries": false
	},
	{
		"RootFields": {},
		"ModuleFields": null,
		"MetricSetFields": {
			"client": {
				"request": {
					"count": 348
				}
			},
			"code": "200",
			"host": "172.18.0.2:6443",
			"method": "PUT"
		},
		"Index": "",
		"ID": "",
		"Namespace": "",
		"Timestamp": "0001-01-01T00:00:00Z",
		"Error": null,
		"Host": "",
		"Service": "",
		"Took": 0,
		"Period": 0,
		"DisableTimeSeries": false
	},
	{
		"RootFields": {},
		"ModuleFields": null,
		"MetricSetFields": {
			"name": "ClusterRoleAggregator",
			"workqueue": {
				"adds": {
					"count": 18
				},
				"depth": {
					"count": 0
				},
				"longestrunning": {
					"sec": 0
				},
				"retries": {
					"count": 0
				},
				"unfinished": {
					"sec": 0
				}
			}
		},
		"Index": "",
		"ID": "",
		"Namespace": "",
		"Timestamp": "0001-01-01T00:00:00Z",
		"Error": null,
		"Host": "",
		"Service": "",
		"Took": 0,
		"Period": 0,
		"DisableTimeSeries": false
	},
	{
		"RootFields": {},
		"ModuleFields": null,
		"MetricSetFields": {
			"name": "garbage_collector_attempt_to_delete",
			"workqueue": {
				"adds": {
					"count": 6
				},
				"depth": {
					"count": 0
				},
				"longestrunning": {
					"sec": 0
				},
				"retries": {
					"count": 0
				},
				"unfinished": {
					"sec": 0
				}
			}
		},
		"Index": "",
		"ID": "",
		"Namespace": "",
		"Timestamp": "0001-01-01T00:00:00Z",
		"Error": null,
		"Host": "",
		"Service": "",
		"Took": 0,
		"Period": 0,
		"DisableTimeSeries": false
	},
	{
		"RootFields": {},
		"ModuleFields": null,
		"MetricSetFields": {
			"name": "volumes",
			"workqueue": {
				"adds": {
					"count": 0
				},
				"depth": {
					"count": 0
				},
				"longestrunning": {
					"sec": 0
				},
				"unfinished": {
					"sec": 0
				}
			}
		},
		"Index": "",
		"ID": "",
		"Namespace": "",
		"Timestamp": "0001-01-01T00:00:00Z",
		"Error": null,
		"Host": "",
		"Service": "",
		"Took": 0,
		"Period": 0,
		"DisableTimeSeries": false
	},
	{
		"RootFields": {},
		"ModuleFields": null,
		"MetricSetFields": {
			"name": "noexec_taint_node",
			"workqueue": {
				"adds": {
					"count": 1
				},
				"depth": {
					"count": 0
				},
				"longestrunning": {
					"sec": 0
				},
				"unfinished": {
					"sec": 0
				}
			}
		},
		"Index": "",
		"ID": "",
		"Namespace": "",
		"Timestamp": "0001-01-01T00:00:00Z",
		"Error": null,
		"Host": "",
		"Service": "",
		"Took": 0,
		"Period": 0,
		"DisableTimeSeries": false
	},
	{
		"RootFields": {},
		"ModuleFields": null,
		"MetricSetFields": {
			"name": "replicaset",
			"workqueue": {
				"adds": {
					"count": 21
				},
				"depth": {
					"count": 0
				},
				"longestrunning": {
					"sec": 0
				},
				"retries": {
					"count": 0
				},
				"unfinished": {
					"sec": 0
				}
			}
		},
		"Index": "",
		"ID": "",
		"Namespace": "",
		"Timestamp": "0001-01-01T00:00:00Z",
		"Error": null,
		"Host": "",
		"Service": "",
		"Took": 0,
		"Period": 0,
		"DisableTimeSeries": false
	},
	{
		"RootFields": {},
		"ModuleFields": null,
		"MetricSetFields": {
			"name": "pvcprotection",
			"workqueue": {
				"adds": {
					"count": 0
				},
				"depth": {
					"count": 0
				},
				"longestrunning": {
					"sec": 0
				},
				"retries": {
					"count": 0
				},
				"unfinished": {
					"sec": 0
				}
			}
		},
		"Index": "",
		"ID": "",
		"Namespace": "",
		"Timestamp": "0001-01-01T00:00:00Z",
		"Error": null,
		"Host": "",
		"Service": "",
		"Took": 0,
		"Period": 0,
		"DisableTimeSeries": false
	},
	{
		"RootFields": {},
		"ModuleFields": null,
		"MetricSetFields": {
			"name": "resourcequota_primary",
			"workqueue": {
				"adds": {
					"count": 0
				},
				"depth": {
					"count": 0
				},
				"longestrunning": {
					"sec": 0
				},
				"retries": {
					"count": 0
				},
				"unfinished": {
					"sec": 0
				}
			}
		},
		"Index": "",
		"ID": "",
		"Namespace": "",
		"Timestamp": "0001-01-01T00:00:00Z",
		"Error": null,
		"Host": "",
		"Service": "",
		"Took": 0,
		"Period": 0,
		"DisableTimeSeries": false
	},
	{
		"RootFields": {},
		"ModuleFields": null,
		"MetricSetFields": {
			"client": {
				"request": {
					"count": 1
				}
			},
			"code": "403",
			"host": "172.18.0.2:6443",
			"method": "GET"
		},
		"Index": "",
		"ID": "",
		"Namespace": "",
		"Timestamp": "0001-01-01T00:00:00Z",
		"Error": null,
		"Host": "",
		"Service": "",
		"Took": 0,
		"Period": 0,
		"DisableTimeSeries": false
	},
	{
		"RootFields": {},
		"ModuleFields": null,
		"MetricSetFields": {
			"name": "resourcequota_priority",
			"workqueue": {
				"adds": {
					"count": 0
				},
				"depth": {
					"count": 0
				},
				"longestrunning": {
					"sec": 0
				},
				"retries": {
					"count": 0
				},
				"unfinished": {
					"sec": 0
				}
			}
		},
		"Index": "",
		"ID": "",
		"Namespace": "",
		"Timestamp": "0001-01-01T00:00:00Z",
		"Error": null,
		"Host": "",
		"Service": "",
		"Took": 0,
		"Period": 0,
		"DisableTimeSeries": false
	},
	{
		"RootFields": {},
		"ModuleFields": null,
		"MetricSetFields": {
			"name": "orphaned_pods_nodes",
			"workqueue": {
				"adds": {
					"count": 0
				},
				"depth": {
					"count": 0
				},
				"longestrunning": {
					"sec": 0
				},
				"retries": {
					"count": 0
				},
				"unfinished": {
					"sec": 0
				}
			}
		},
		"Index": "",
		"ID": "",
		"Namespace": "",
		"Timestamp": "0001-01-01T00:00:00Z",
		"Error": null,
		"Host": "",
		"Service": "",
		"Took": 0,
		"Period": 0,
		"DisableTimeSeries": false
	},
	{
		"RootFields": {},
		"ModuleFields": null,
		"MetricSetFields": {
			"name": "DynamicCABundle-csr-controller",
			"workqueue": {
				"adds": {
					"count": 8
				},
				"depth": {
					"count": 0
				},
				"longestrunning": {
					"sec": 0
				},
				"retries": {
					"count": 0
				},
				"unfinished": {
					"sec": 0
				}
			}
		},
		"Index": "",
		"ID": "",
		"Namespace": "",
		"Timestamp": "0001-01-01T00:00:00Z",
		"Error": null,
		"Host": "",
		"Service": "",
		"Took": 0,
		"Period": 0,
		"DisableTimeSeries": false
	},
	{
		"RootFields": {},
		"ModuleFields": null,
		"MetricSetFields": {
			"name": "daemonset",
			"workqueue": {
				"adds": {
					"count": 20
				},
				"depth": {
					"count": 0
				},
				"longestrunning": {
					"sec": 0
				},
				"retries": {
					"count": 4
				},
				"unfinished": {
					"sec": 0
				}
			}
		},
		"Index": "",
		"ID": "",
		"Namespace": "",
		"Timestamp": "0001-01-01T00:00:00Z",
		"Error": null,
		"Host": "",
		"Service": "",
		"Took": 0,
		"Period": 0,
		"DisableTimeSeries": false
	},
	{
		"RootFields": {},
		"ModuleFields": null,
		"MetricSetFields": {
			"name": "service",
			"workqueue": {
				"adds": {
					"count": 0
				},
				"depth": {
					"count": 0
				},
				"longestrunning": {
					"sec": 0
				},
				"retries": {
					"count": 0
				},
				"unfinished": {
					"sec": 0
				}
			}
		},
		"Index": "",
		"ID": "",
		"Namespace": "",
		"Timestamp": "0001-01-01T00:00:00Z",
		"Error": null,
		"Host": "",
		"Service": "",
		"Took": 0,
		"Period": 0,
		"DisableTimeSeries": false
	},
	{
		"RootFields": {},
		"ModuleFields": null,
		"MetricSetFields": {
			"name": "endpoint_slice_mirroring",
			"workqueue": {
				"adds": {
					"count": 5
				},
				"depth": {
					"count": 0
				},
				"longestrunning": {
					"sec": 0
				},
				"retries": {
					"count": 0
				},
				"unfinished": {
					"sec": 0
				}
			}
		},
		"Index": "",
		"ID": "",
		"Namespace": "",
		"Timestamp": "0001-01-01T00:00:00Z",
		"Error": null,
		"Host": "",
		"Service": "",
		"Took": 0,
		"Period": 0,
		"DisableTimeSeries": false
	}
]