filebeat:
  inputs:
  - index: logs-generic-default
    paths:
    - /var/log/hello1.log
    - /var/log/hello2.log
    processors:
    - add_fields:
        fields:
          dataset: generic
          namespace: default
          type: logs
        target: data_stream
    - add_fields:
        fields:
          dataset: generic
        target: event
    - add_fields:
        fields:
          id: agent-id
          snapshot: false
          version: 8.0.0
        target: elastic_agent
    - add_fields:
        fields:
          id: agent-id
        target: agent
    type: log
    vars:
      var: value
  - index: testtype-generic-default
    paths:
    - /var/log/hello3.log
    - /var/log/hello4.log
    processors:
    - add_fields:
        fields:
          dataset: generic
          namespace: default
          type: testtype
        target: data_stream
    - add_fields:
        fields:
          dataset: generic
        target: event
    - add_fields:
        fields:
          id: agent-id
          snapshot: false
          version: 8.0.0
        target: elastic_agent
    - add_fields:
        fields:
          id: agent-id
        target: agent
    type: log
    vars:
      var: value
output:
  elasticsearch:
    api_key: TiNAGG4BaaMdaH1tRfuU:KnR6yE41RrSowb0kQ0HWoA
    ca_sha256: 7HIpactkIAq2Y49orFOOQKurWxmmSFZhBCoQYcRhJ3Y=
    headers:
      h1: test-header
    hosts:
    - 127.0.0.1:9200
    - 127.0.0.1:9300
    namespace: test_namespace
    password: changeme
    username: elastic
