metricbeat:
  modules:
  - hosts:
    - http://127.0.0.1:8080
    index: metrics-docker.status-default
    metricsets:
    - status
    module: docker
    processors:
    - add_fields:
        fields:
          dataset: docker.status
          namespace: default
          type: metrics
        target: data_stream
    - add_fields:
        fields:
          dataset: docker.status
        target: event
    - add_fields:
        fields:
          id: agent-id
          snapshot: false
          version: 8.0.0
        target: elastic_agent
    - add_fields:
        fields:
          id: agent-id
        target: agent
  - hosts:
    - http://127.0.0.1:8080
    index: metrics-generic-default
    metricsets:
    - info
    module: docker
    processors:
    - add_fields:
        fields:
          dataset: generic
          namespace: default
          type: metrics
        target: data_stream
    - add_fields:
        fields:
          dataset: generic
        target: event
    - add_fields:
        fields:
          id: agent-id
          snapshot: false
          version: 8.0.0
        target: elastic_agent
    - add_fields:
        fields:
          id: agent-id
        target: agent
  - hosts:
    - http://apache.remote
    index: metrics-generic-testing
    metricsets:
    - info
    module: apache
    processors:
    - add_fields:
        fields:
          should_be: first
    - add_fields:
        fields:
          dataset: generic
          namespace: testing
          type: metrics
        target: data_stream
    - add_fields:
        fields:
          dataset: generic
        target: event
    - add_fields:
        fields:
          id: agent-id
          snapshot: false
          version: 8.0.0
        target: elastic_agent
    - add_fields:
        fields:
          id: agent-id
        target: agent
output:
  elasticsearch:
    api_key: TiNAGG4BaaMdaH1tRfuU:KnR6yE41RrSowb0kQ0HWoA
    bulk_max_size: 23
    ca_sha256: 7HIpactkIAq2Y49orFOOQKurWxmmSFZhBCoQYcRhJ3Y=
    headers:
      h1: test-header
    hosts:
    - 127.0.0.1:9200
    - 127.0.0.1:9300
    password: changeme
    username: elastic
    worker: 10
