[
  {
    "@timestamp": "2019-12-18T16:26:46.8744233Z",
    "ecs": {
      "version": "1.12.0"
    },
    "event": {
      "action": "added-distribution-group-account",
      "category": [
        "iam"
      ],
      "code": "4744",
      "ingested": "2022-06-08T06:21:07.994556700Z",
      "kind": "event",
      "module": "security",
      "outcome": "success",
      "provider": "Microsoft-Windows-Security-Auditing",
      "type": [
        "group",
        "creation"
      ]
    },
    "group": {
      "domain": "TEST",
      "id": "S-1-5-21-1717121054-434620538-60925301-2903",
      "name": "testdistlocal"
    },
    "host": {
      "name": "DC_TEST2k12.TEST.SAAS"
    },
    "log": {
      "level": "information"
    },
    "message": "A security-disabled local group was created.\n\nSubject:\n\tSecurity ID:\t\tS-1-5-21-1717121054-434620538-60925301-2794\n\tAccount Name:\t\tat_adm\n\tAccount Domain:\t\tTEST\n\tLogon ID:\t\t0x2E67800\n\nNew Group:\n\tSecurity ID:\t\tS-1-5-21-1717121054-434620538-60925301-2903\n\tGroup Name:\t\ttestdistlocal\n\tGroup Domain:\t\tTEST\n\nAttributes:\n\tSAM Account Name:\ttestdistlocal\n\tSID History:\t\t-\n\nAdditional Information:\n\tPrivileges:\t\t-",
    "related": {
      "user": [
        "at_adm"
      ]
    },
    "user": {
      "domain": "TEST",
      "id": "S-1-5-21-1717121054-434620538-60925301-2794",
      "name": "at_adm"
    },
    "winlog": {
      "api": "wineventlog",
      "channel": "Security",
      "computer_name": "DC_TEST2k12.TEST.SAAS",
      "event_data": {
        "PrivilegeList": "-",
        "SamAccountName": "testdistlocal",
        "SidHistory": "-",
        "SubjectDomainName": "TEST",
        "SubjectLogonId": "0x2e67800",
        "SubjectUserName": "at_adm",
        "SubjectUserSid": "S-1-5-21-1717121054-434620538-60925301-2794",
        "TargetDomainName": "TEST",
        "TargetSid": "S-1-5-21-1717121054-434620538-60925301-2903",
        "TargetUserName": "testdistlocal"
      },
      "event_id": "4744",
      "keywords": [
        "Audit Success"
      ],
      "logon": {
        "id": "0x2e67800"
      },
      "opcode": "Info",
      "process": {
        "pid": 492,
        "thread": {
          "id": 664
        }
      },
      "provider_guid": "{54849625-5478-4994-a5ba-3e3b0328c30d}",
      "provider_name": "Microsoft-Windows-Security-Auditing",
      "record_id": "3699973",
      "task": "Distribution Group Management"
    }
  }
]