[
  {
    "@timestamp": "2019-10-22T11:34:58.4130288Z",
    "ecs": {
      "version": "1.12.0"
    },
    "event": {
      "action": "added-member-to-group",
      "category": [
        "iam"
      ],
      "code": "4756",
      "ingested": "2022-06-08T06:21:08.387537200Z",
      "kind": "event",
      "module": "security",
      "outcome": "success",
      "provider": "Microsoft-Windows-Security-Auditing",
      "type": [
        "group",
        "change"
      ]
    },
    "group": {
      "domain": "WLBEAT",
      "id": "S-1-5-21-101361758-2486510592-3018839910-1113",
      "name": "Test_group3v2"
    },
    "host": {
      "name": "WIN-41OB2LO92CR.wlbeat.local"
    },
    "log": {
      "level": "information"
    },
    "message": "A member was added to a security-enabled universal group.\n\nSubject:\n\tSecurity ID:\t\tS-1-5-21-101361758-2486510592-3018839910-500\n\tAccount Name:\t\tAdministrator\n\tAccount Domain:\t\tWLBEAT\n\tLogon ID:\t\t0x4A727\n\nMember:\n\tSecurity ID:\t\tS-1-5-21-101361758-2486510592-3018839910-500\n\tAccount Name:\t\tCN=Administrator,CN=Users,DC=wlbeat,DC=local\n\nGroup:\n\tSecurity ID:\t\tS-1-5-21-101361758-2486510592-3018839910-1113\n\tAccount Name:\t\tTest_group3v2\n\tAccount Domain:\t\tWLBEAT\n\nAdditional Information:\n\tPrivileges:\t\t-",
    "related": {
      "user": [
        "Administrator"
      ]
    },
    "user": {
      "domain": "WLBEAT",
      "id": "S-1-5-21-101361758-2486510592-3018839910-500",
      "name": "Administrator",
      "target": {
        "domain": "local",
        "group": {
          "domain": "WLBEAT",
          "id": "S-1-5-21-101361758-2486510592-3018839910-1113",
          "name": "Test_group3v2"
        },
        "name": "Administrator"
      }
    },
    "winlog": {
      "api": "wineventlog",
      "channel": "Security",
      "computer_name": "WIN-41OB2LO92CR.wlbeat.local",
      "event_data": {
        "MemberName": "CN=Administrator,CN=Users,DC=wlbeat,DC=local",
        "MemberSid": "S-1-5-21-101361758-2486510592-3018839910-500",
        "PrivilegeList": "-",
        "SubjectDomainName": "WLBEAT",
        "SubjectLogonId": "0x4a727",
        "SubjectUserName": "Administrator",
        "SubjectUserSid": "S-1-5-21-101361758-2486510592-3018839910-500",
        "TargetDomainName": "WLBEAT",
        "TargetSid": "S-1-5-21-101361758-2486510592-3018839910-1113",
        "TargetUserName": "Test_group3v2"
      },
      "event_id": "4756",
      "keywords": [
        "Audit Success"
      ],
      "logon": {
        "id": "0x4a727"
      },
      "opcode": "Info",
      "process": {
        "pid": 772,
        "thread": {
          "id": 1664
        }
      },
      "provider_guid": "{54849625-5478-4994-a5ba-3e3b0328c30d}",
      "provider_name": "Microsoft-Windows-Security-Auditing",
      "record_id": "4684",
      "task": "Security Group Management"
    }
  }
]