[
  {
    "@timestamp": "2019-12-18T16:22:12.3112534Z",
    "event": {
      "action": "Computer Account Management",
      "code": "4741",
      "kind": "event",
      "outcome": "success",
      "provider": "Microsoft-Windows-Security-Auditing"
    },
    "host": {
      "name": "DC_TEST2k12.TEST.SAAS"
    },
    "log": {
      "level": "information"
    },
    "message": "A computer account was created.\n\nSubject:\n\tSecurity ID:\t\tS-1-5-21-1717121054-434620538-60925301-2794\n\tAccount Name:\t\tat_adm\n\tAccount Domain:\t\tTEST\n\tLogon ID:\t\t0x2E67800\n\nNew Computer Account:\n\tSecurity ID:\t\tS-1-5-21-1717121054-434620538-60925301-2902\n\tAccount Name:\t\tTESTCOMPUTEROBJ$\n\tAccount Domain:\t\tTEST\n\nAttributes:\n\tSAM Account Name:\tTESTCOMPUTEROBJ$\n\tDisplay Name:\t\t-\n\tUser Principal Name:\t-\n\tHome Directory:\t\t-\n\tHome Drive:\t\t-\n\tScript Path:\t\t-\n\tProfile Path:\t\t-\n\tUser Workstations:\t-\n\tPassword Last Set:\t\u003cnever\u003e\n\tAccount Expires:\t\t\u003cnever\u003e\n\tPrimary Group ID:\t515\n\tAllowedToDelegateTo:\t-\n\tOld UAC Value:\t\t0x0\n\tNew UAC Value:\t\t0x85\n\tUser Account Control:\t\n\t\tAccount Disabled\n\t\t'Password Not Required' - Enabled\n\t\t'Workstation Trust Account' - Enabled\n\tUser Parameters:\t-\n\tSID History:\t\t-\n\tLogon Hours:\t\t\u003cvalue not set\u003e\n\tDNS Host Name:\t\t-\n\tService Principal Names:\t-\n\nAdditional Information:\n\tPrivileges\t\t-",
    "winlog": {
      "api": "wineventlog",
      "channel": "Security",
      "computer_name": "DC_TEST2k12.TEST.SAAS",
      "event_data": {
        "AccountExpires": "%%1794",
        "AllowedToDelegateTo": "-",
        "DisplayName": "-",
        "DnsHostName": "-",
        "HomeDirectory": "-",
        "HomePath": "-",
        "LogonHours": "%%1793",
        "NewUacValue": "0x85",
        "OldUacValue": "0x0",
        "PasswordLastSet": "%%1794",
        "PrimaryGroupId": "515",
        "PrivilegeList": "-",
        "ProfilePath": "-",
        "SamAccountName": "TESTCOMPUTEROBJ$",
        "ScriptPath": "-",
        "ServicePrincipalNames": "-",
        "SidHistory": "-",
        "SubjectDomainName": "TEST",
        "SubjectLogonId": "0x2e67800",
        "SubjectUserName": "at_adm",
        "SubjectUserSid": "S-1-5-21-1717121054-434620538-60925301-2794",
        "TargetDomainName": "TEST",
        "TargetSid": "S-1-5-21-1717121054-434620538-60925301-2902",
        "TargetUserName": "TESTCOMPUTEROBJ$",
        "UserAccountControl": "\n\t\t%%2080\n\t\t%%2082\n\t\t%%2087",
        "UserParameters": "-",
        "UserPrincipalName": "-",
        "UserWorkstations": "-"
      },
      "event_id": "4741",
      "keywords": [
        "Audit Success"
      ],
      "opcode": "Info",
      "process": {
        "pid": 492,
        "thread": {
          "id": 664
        }
      },
      "provider_guid": "{54849625-5478-4994-a5ba-3e3b0328c30d}",
      "provider_name": "Microsoft-Windows-Security-Auditing",
      "record_id": 3699929,
      "task": "Computer Account Management"
    }
  }
]