[
  {
    "@timestamp": "2019-12-18T16:25:21.5781833Z",
    "event": {
      "action": "Computer Account Management",
      "code": "4743",
      "kind": "event",
      "outcome": "success",
      "provider": "Microsoft-Windows-Security-Auditing"
    },
    "host": {
      "name": "DC_TEST2k12.TEST.SAAS"
    },
    "log": {
      "level": "information"
    },
    "message": "A computer account was deleted.\n\nSubject:\n\tSecurity ID:\t\tS-1-5-21-1717121054-434620538-60925301-2794\n\tAccount Name:\t\tat_adm\n\tAccount Domain:\t\tTEST\n\tLogon ID:\t\t0x2E67800\n\nTarget Computer:\n\tSecurity ID:\t\tS-1-5-21-1717121054-434620538-60925301-2902\n\tAccount Name:\t\tTESTCOMPUTEROBJ$\n\tAccount Domain:\t\tTEST\n\nAdditional Information:\n\tPrivileges:\t\t-",
    "winlog": {
      "api": "wineventlog",
      "channel": "Security",
      "computer_name": "DC_TEST2k12.TEST.SAAS",
      "event_data": {
        "PrivilegeList": "-",
        "SubjectDomainName": "TEST",
        "SubjectLogonId": "0x2e67800",
        "SubjectUserName": "at_adm",
        "SubjectUserSid": "S-1-5-21-1717121054-434620538-60925301-2794",
        "TargetDomainName": "TEST",
        "TargetSid": "S-1-5-21-1717121054-434620538-60925301-2902",
        "TargetUserName": "TESTCOMPUTEROBJ$"
      },
      "event_id": "4743",
      "keywords": [
        "Audit Success"
      ],
      "opcode": "Info",
      "process": {
        "pid": 492,
        "thread": {
          "id": 664
        }
      },
      "provider_guid": "{54849625-5478-4994-a5ba-3e3b0328c30d}",
      "provider_name": "Microsoft-Windows-Security-Auditing",
      "record_id": 3699966,
      "task": "Computer Account Management"
    }
  }
]