[
  {
    "@timestamp": "2019-12-19T08:34:23.1623432Z",
    "event": {
      "action": "Distribution Group Management",
      "code": "4763",
      "kind": "event",
      "outcome": "success",
      "provider": "Microsoft-Windows-Security-Auditing"
    },
    "host": {
      "name": "DC_TEST2k12.TEST.SAAS"
    },
    "log": {
      "level": "information"
    },
    "message": "A security-disabled universal group was deleted.\n\nSubject:\n\tSecurity ID:\t\tS-1-5-21-1717121054-434620538-60925301-2794\n\tAccount Name:\t\tat_adm\n\tAccount Domain:\t\tTEST\n\tLogon ID:\t\t0x2e67800\n\nGroup:\n\tSecurity ID:\t\tS-1-5-21-1717121054-434620538-60925301-2905\n\tGroup Name:\t\ttestuni2\n\tGroup Domain:\t\tTEST\n\nAdditional Information:\n\tPrivileges:\t\t-",
    "winlog": {
      "channel": "Security",
      "computer_name": "DC_TEST2k12.TEST.SAAS",
      "event_data": {
        "PrivilegeList": "-",
        "SubjectDomainName": "TEST",
        "SubjectLogonId": "0x2e67800",
        "SubjectUserName": "at_adm",
        "SubjectUserSid": "S-1-5-21-1717121054-434620538-60925301-2794",
        "TargetDomainName": "TEST",
        "TargetSid": "S-1-5-21-1717121054-434620538-60925301-2905",
        "TargetUserName": "testuni2"
      },
      "event_id": "4763",
      "keywords": [
        "Audit Success"
      ],
      "opcode": "Info",
      "process": {
        "pid": 492,
        "thread": {
          "id": 1348
        }
      },
      "provider_guid": "{54849625-5478-4994-A5BA-3E3B0328C30D}",
      "provider_name": "Microsoft-Windows-Security-Auditing",
      "record_id": 3707847,
      "task": "Distribution Group Management"
    }
  }
]