[
  {
    "@timestamp": "2019-09-06T13:39:43.0856521Z",
    "event": {
      "action": "User Account Management",
      "code": "4740",
      "kind": "event",
      "outcome": "success",
      "provider": "Microsoft-Windows-Security-Auditing"
    },
    "host": {
      "name": "WIN-41OB2LO92CR"
    },
    "log": {
      "level": "information"
    },
    "message": "A user account was locked out.\n\nSubject:\n\tSecurity ID:\t\tS-1-5-18\n\tAccount Name:\t\tWIN-41OB2LO92CR$\n\tAccount Domain:\t\tWORKGROUP\n\tLogon ID:\t\t0x3e7\n\nAccount That Was Locked Out:\n\tSecurity ID:\t\tS-1-5-21-101361758-2486510592-3018839910-1005\n\tAccount Name:\t\telastictest1\n\nAdditional Information:\n\tCaller Computer Name:\tWIN-41OB2LO92CR",
    "winlog": {
      "activity_id": "{1200CE16-64B6-0000-0ED0-0012B664D501}",
      "channel": "Security",
      "computer_name": "WIN-41OB2LO92CR",
      "event_data": {
        "SubjectDomainName": "WORKGROUP",
        "SubjectLogonId": "0x3e7",
        "SubjectUserName": "WIN-41OB2LO92CR$",
        "SubjectUserSid": "S-1-5-18",
        "TargetDomainName": "WIN-41OB2LO92CR",
        "TargetSid": "S-1-5-21-101361758-2486510592-3018839910-1005",
        "TargetUserName": "elastictest1"
      },
      "event_id": "4740",
      "keywords": [
        "Audit Success"
      ],
      "opcode": "Info",
      "process": {
        "pid": 780,
        "thread": {
          "id": 532
        }
      },
      "provider_guid": "{54849625-5478-4994-A5BA-3E3B0328C30D}",
      "provider_name": "Microsoft-Windows-Security-Auditing",
      "record_id": 2883,
      "task": "User Account Management"
    }
  }
]