[
  {
    "@timestamp": "2020-07-28T10:15:43.4951882Z",
    "event": {
      "action": "kerberos-policy-changed",
      "category": [
        "configuration"
      ],
      "code": "4713",
      "kind": "event",
      "module": "security",
      "outcome": "success",
      "provider": "Microsoft-Windows-Security-Auditing",
      "type": [
        "change"
      ]
    },
    "host": {
      "name": "WIN-BVM4LI1L1Q6.TEST.local"
    },
    "log": {
      "level": "information"
    },
    "related": {
      "user": "WIN-BVM4LI1L1Q6$"
    },
    "user": {
      "domain": "TEST",
      "id": "S-1-5-18",
      "name": "WIN-BVM4LI1L1Q6$"
    },
    "winlog": {
      "activity_id": "{be129571-63f8-0000-a795-12bef863d601}",
      "api": "wineventlog",
      "channel": "Security",
      "computer_name": "WIN-BVM4LI1L1Q6.TEST.local",
      "event_data": {
        "KerberosPolicyChange": "KerMinT: 0x53d1ac1000 (0x53ade8ca00);  KerMaxR: 0x649534e0000 (0x58028e44000);  KerProxy: 0xd693a400 (0xb2d05e00);  ",
        "SubjectDomainName": "TEST",
        "SubjectLogonId": "0x3e7",
        "SubjectUserName": "WIN-BVM4LI1L1Q6$",
        "SubjectUserSid": "S-1-5-18"
      },
      "event_id": "4713",
      "keywords": [
        "Audit Success"
      ],
      "logon": {
        "id": "0x3e7"
      },
      "opcode": "Info",
      "process": {
        "pid": 776,
        "thread": {
          "id": 2012
        }
      },
      "provider_guid": "{54849625-5478-4994-a5ba-3e3b0328c30d}",
      "provider_name": "Microsoft-Windows-Security-Auditing",
      "record_id": 21265,
      "task": "Authentication Policy Change"
    }
  }
]