[
  {
    "@timestamp": "2019-11-07T15:22:57.6553291Z",
    "event": {
      "action": "changed-audit-config",
      "category": [
        "iam",
        "configuration"
      ],
      "code": "4719",
      "kind": "event",
      "module": "security",
      "outcome": "success",
      "provider": "Microsoft-Windows-Security-Auditing",
      "type": [
        "admin",
        "change"
      ]
    },
    "host": {
      "name": "WIN-41OB2LO92CR.wlbeat.local"
    },
    "log": {
      "level": "information"
    },
    "related": {
      "user": "WIN-41OB2LO92CR$"
    },
    "user": {
      "domain": "WLBEAT",
      "id": "S-1-5-18",
      "name": "WIN-41OB2LO92CR$"
    },
    "winlog": {
      "activity_id": "{3eef0a0d-9551-0000-140c-ef3e5195d501}",
      "api": "wineventlog",
      "channel": "Security",
      "computer_name": "WIN-41OB2LO92CR.wlbeat.local",
      "event_data": {
        "AuditPolicyChanges": "%%8449, %%8451",
        "AuditPolicyChangesDescription": [
          "Success Added",
          "Failure Added"
        ],
        "Category": "Logon/Logoff",
        "CategoryId": "%%8273",
        "SubCategory": "Network Policy Server",
        "SubcategoryGuid": "{0cce9243-69ae-11d9-bed3-505054503030}",
        "SubcategoryId": "%%12552",
        "SubjectDomainName": "WLBEAT",
        "SubjectLogonId": "0x3e7",
        "SubjectUserName": "WIN-41OB2LO92CR$",
        "SubjectUserSid": "S-1-5-18"
      },
      "event_id": "4719",
      "keywords": [
        "Audit Success"
      ],
      "logon": {
        "id": "0x3e7"
      },
      "opcode": "Info",
      "process": {
        "pid": 772,
        "thread": {
          "id": 2944
        }
      },
      "provider_guid": "{54849625-5478-4994-a5ba-3e3b0328c30d}",
      "provider_name": "Microsoft-Windows-Security-Auditing",
      "record_id": 17154,
      "task": "Audit Policy Change"
    }
  }
]