[
  {
    "@timestamp": "2019-09-06T13:28:46.1631928Z",
    "event": {
      "action": "enabled-user-account",
      "category": [
        "iam"
      ],
      "code": "4722",
      "kind": "event",
      "module": "security",
      "outcome": "success",
      "provider": "Microsoft-Windows-Security-Auditing",
      "type": [
        "user",
        "change"
      ]
    },
    "host": {
      "name": "WIN-41OB2LO92CR"
    },
    "log": {
      "level": "information"
    },
    "related": {
      "user": [
        "Administrator",
        "audittest"
      ]
    },
    "user": {
      "domain": "WIN-41OB2LO92CR",
      "id": "S-1-5-21-101361758-2486510592-3018839910-500",
      "name": "Administrator"
    },
    "winlog": {
      "activity_id": "{1200ce16-64b6-0000-0ed0-0012b664d501}",
      "api": "wineventlog",
      "channel": "Security",
      "computer_name": "WIN-41OB2LO92CR",
      "event_data": {
        "SubjectDomainName": "WIN-41OB2LO92CR",
        "SubjectLogonId": "0x264b2",
        "SubjectUserName": "Administrator",
        "SubjectUserSid": "S-1-5-21-101361758-2486510592-3018839910-500",
        "TargetDomainName": "WIN-41OB2LO92CR",
        "TargetSid": "S-1-5-21-101361758-2486510592-3018839910-1000",
        "TargetUserName": "audittest"
      },
      "event_id": "4722",
      "keywords": [
        "Audit Success"
      ],
      "logon": {
        "id": "0x264b2"
      },
      "opcode": "Info",
      "process": {
        "pid": 780,
        "thread": {
          "id": 820
        }
      },
      "provider_guid": "{54849625-5478-4994-a5ba-3e3b0328c30d}",
      "provider_name": "Microsoft-Windows-Security-Auditing",
      "record_id": 2815,
      "task": "User Account Management"
    }
  },
  {
    "@timestamp": "2019-09-06T13:29:08.5737904Z",
    "event": {
      "action": "enabled-user-account",
      "category": [
        "iam"
      ],
      "code": "4722",
      "kind": "event",
      "module": "security",
      "outcome": "success",
      "provider": "Microsoft-Windows-Security-Auditing",
      "type": [
        "user",
        "change"
      ]
    },
    "host": {
      "name": "WIN-41OB2LO92CR"
    },
    "log": {
      "level": "information"
    },
    "related": {
      "user": [
        "Administrator",
        "audittest0609"
      ]
    },
    "user": {
      "domain": "WIN-41OB2LO92CR",
      "id": "S-1-5-21-101361758-2486510592-3018839910-500",
      "name": "Administrator"
    },
    "winlog": {
      "activity_id": "{1200ce16-64b6-0000-0ed0-0012b664d501}",
      "api": "wineventlog",
      "channel": "Security",
      "computer_name": "WIN-41OB2LO92CR",
      "event_data": {
        "SubjectDomainName": "WIN-41OB2LO92CR",
        "SubjectLogonId": "0x264b2",
        "SubjectUserName": "Administrator",
        "SubjectUserSid": "S-1-5-21-101361758-2486510592-3018839910-500",
        "TargetDomainName": "WIN-41OB2LO92CR",
        "TargetSid": "S-1-5-21-101361758-2486510592-3018839910-1006",
        "TargetUserName": "audittest0609"
      },
      "event_id": "4722",
      "keywords": [
        "Audit Success"
      ],
      "logon": {
        "id": "0x264b2"
      },
      "opcode": "Info",
      "process": {
        "pid": 780,
        "thread": {
          "id": 532
        }
      },
      "provider_guid": "{54849625-5478-4994-a5ba-3e3b0328c30d}",
      "provider_name": "Microsoft-Windows-Security-Auditing",
      "record_id": 2826,
      "task": "User Account Management"
    }
  }
]