[
  {
    "@timestamp": "2020-04-06T06:39:04.5491199Z",
    "event": {
      "action": "privileged-service-called",
      "category": [
        "iam"
      ],
      "code": "4673",
      "kind": "event",
      "module": "security",
      "outcome": "success",
      "provider": "Microsoft-Windows-Security-Auditing",
      "type": [
        "admin"
      ]
    },
    "host": {
      "name": "DC_TEST2k12.TEST.SAAS"
    },
    "log": {
      "level": "information"
    },
    "process": {
      "executable": "C:\\Windows\\System32\\lsass.exe",
      "name": "lsass.exe",
      "pid": 496
    },
    "related": {
      "user": "DC_TEST2K12$"
    },
    "user": {
      "domain": "TEST",
      "id": "S-1-5-18",
      "name": "DC_TEST2K12$"
    },
    "winlog": {
      "api": "wineventlog",
      "channel": "Security",
      "computer_name": "DC_TEST2k12.TEST.SAAS",
      "event_data": {
        "ObjectServer": "NT Local Security Authority / Authentication Service",
        "PrivilegeList": [
          "SeTcbPrivilege"
        ],
        "Service": "LsaRegisterLogonProcess()",
        "SubjectDomainName": "TEST",
        "SubjectLogonId": "0x3e7",
        "SubjectUserName": "DC_TEST2K12$",
        "SubjectUserSid": "S-1-5-18"
      },
      "event_id": "4673",
      "keywords": [
        "Audit Success"
      ],
      "logon": {
        "id": "0x3e7"
      },
      "opcode": "Info",
      "process": {
        "pid": 496,
        "thread": {
          "id": 504
        }
      },
      "provider_guid": "{54849625-5478-4994-a5ba-3e3b0328c30d}",
      "provider_name": "Microsoft-Windows-Security-Auditing",
      "record_id": 5109160,
      "task": "Sensitive Privilege Use"
    }
  }
]