[
  {
    "@timestamp": "2019-09-06T13:39:43.0856521Z",
    "event": {
      "action": "locked-out-user-account",
      "category": [
        "iam"
      ],
      "code": 4740,
      "kind": "event",
      "module": "security",
      "outcome": "success",
      "provider": "Microsoft-Windows-Security-Auditing",
      "type": [
        "user",
        "change"
      ]
    },
    "host": {
      "name": "WIN-41OB2LO92CR"
    },
    "log": {
      "level": "information"
    },
    "related": {
      "user": [
        "WIN-41OB2LO92CR$",
        "elastictest1"
      ]
    },
    "user": {
      "domain": "WORKGROUP",
      "id": "S-1-5-18",
      "name": "WIN-41OB2LO92CR$"
    },
    "winlog": {
      "activity_id": "{1200ce16-64b6-0000-0ed0-0012b664d501}",
      "api": "wineventlog",
      "channel": "Security",
      "computer_name": "WIN-41OB2LO92CR",
      "event_data": {
        "SubjectDomainName": "WORKGROUP",
        "SubjectLogonId": "0x3e7",
        "SubjectUserName": "WIN-41OB2LO92CR$",
        "SubjectUserSid": "S-1-5-18",
        "TargetDomainName": "WIN-41OB2LO92CR",
        "TargetSid": "S-1-5-21-101361758-2486510592-3018839910-1005",
        "TargetUserName": "elastictest1"
      },
      "event_id": 4740,
      "keywords": [
        "Audit Success"
      ],
      "logon": {
        "id": "0x3e7"
      },
      "opcode": "Info",
      "process": {
        "pid": 780,
        "thread": {
          "id": 532
        }
      },
      "provider_guid": "{54849625-5478-4994-a5ba-3e3b0328c30d}",
      "provider_name": "Microsoft-Windows-Security-Auditing",
      "record_id": 2883,
      "task": "User Account Management"
    }
  }
]