[
	{
		"RootFields": {
			"container": {
				"id": "0360af3d5202db264445277bbf97357bc5304a03f189307d25816272467afece",
				"image": {
					"name": "sha256:c408b2276bb76627a6f633bf0d26052c208ebd51681c6c89866cc9647471c0bc"
				},
				"runtime": "containerd"
			}
		},
		"ModuleFields": {
			"namespace": "local-path-storage",
			"node": {
				"name": "kind-control-plane"
			},
			"pod": {
				"name": "local-path-provisioner-75f5b54ffd-bm5sx"
			}
		},
		"MetricSetFields": {
			"id": "0360af3d5202db264445277bbf97357bc5304a03f189307d25816272467afece",
			"name": "local-path-provisioner",
			"status": {
				"phase": "running",
				"ready": true,
				"restarts": 0
			}
		},
		"Index": "",
		"ID": "",
		"Namespace": "kubernetes.container",
		"Timestamp": "0001-01-01T00:00:00Z",
		"Error": null,
		"Host": "",
		"Service": "",
		"Took": 0,
		"Period": 0,
		"DisableTimeSeries": false
	},
	{
		"RootFields": {
			"container": {
				"id": "a7ae8b5da39c739c3298ea9e07f24c8ddb987137244ddc1bc9b71dca542a2e76",
				"image": {
					"name": "docker.io/library/busybox:latest"
				},
				"runtime": "containerd"
			}
		},
		"ModuleFields": {
			"namespace": "default",
			"node": {
				"name": "kind-control-plane"
			},
			"pod": {
				"name": "hello-28192809-jbn5z"
			}
		},
		"MetricSetFields": {
			"id": "a7ae8b5da39c739c3298ea9e07f24c8ddb987137244ddc1bc9b71dca542a2e76",
			"name": "hello",
			"status": {
				"phase": "terminated",
				"ready": false,
				"reason": "Completed",
				"restarts": 0
			}
		},
		"Index": "",
		"ID": "",
		"Namespace": "kubernetes.container",
		"Timestamp": "0001-01-01T00:00:00Z",
		"Error": null,
		"Host": "",
		"Service": "",
		"Took": 0,
		"Period": 0,
		"DisableTimeSeries": false
	},
	{
		"RootFields": {
			"container": {
				"id": "acb7f4db2e68f827dfb83b71efcdc896dcd3c732b54f021e10897d4da333b06d",
				"image": {
					"name": "registry.k8s.io/coredns/coredns:v1.9.3"
				},
				"runtime": "containerd"
			}
		},
		"ModuleFields": {
			"namespace": "kube-system",
			"node": {
				"name": "kind-control-plane"
			},
			"pod": {
				"name": "coredns-787d4945fb-rb564"
			}
		},
		"MetricSetFields": {
			"cpu": {
				"request": {
					"cores": 0.1
				}
			},
			"id": "acb7f4db2e68f827dfb83b71efcdc896dcd3c732b54f021e10897d4da333b06d",
			"memory": {
				"limit": {
					"bytes": 178257920
				},
				"request": {
					"bytes": 73400320
				}
			},
			"name": "coredns",
			"status": {
				"phase": "running",
				"ready": true,
				"restarts": 0
			}
		},
		"Index": "",
		"ID": "",
		"Namespace": "kubernetes.container",
		"Timestamp": "0001-01-01T00:00:00Z",
		"Error": null,
		"Host": "",
		"Service": "",
		"Took": 0,
		"Period": 0,
		"DisableTimeSeries": false
	},
	{
		"RootFields": {
			"container": {
				"id": "a1273d6e88e83111f28f1545849ec12913c3a35d24ae2203cd1bd35db3f5d068",
				"image": {
					"name": "registry.k8s.io/etcd:3.5.6-0"
				},
				"runtime": "containerd"
			}
		},
		"ModuleFields": {
			"namespace": "kube-system",
			"node": {
				"name": "kind-control-plane"
			},
			"pod": {
				"name": "etcd-kind-control-plane"
			}
		},
		"MetricSetFields": {
			"cpu": {
				"request": {
					"cores": 0.1
				}
			},
			"id": "a1273d6e88e83111f28f1545849ec12913c3a35d24ae2203cd1bd35db3f5d068",
			"memory": {
				"request": {
					"bytes": 104857600
				}
			},
			"name": "etcd",
			"status": {
				"phase": "running",
				"ready": true,
				"restarts": 0
			}
		},
		"Index": "",
		"ID": "",
		"Namespace": "kubernetes.container",
		"Timestamp": "0001-01-01T00:00:00Z",
		"Error": null,
		"Host": "",
		"Service": "",
		"Took": 0,
		"Period": 0,
		"DisableTimeSeries": false
	},
	{
		"RootFields": {
			"container": {
				"id": "d34823a90b7406d61d95530cf800bc1fbd2307f9ab6c6031da1d22ae577ca081",
				"image": {
					"name": "quay.io/fluentd_elasticsearch/fluentd:v2.5.2"
				},
				"runtime": "containerd"
			}
		},
		"ModuleFields": {
			"namespace": "kube-system",
			"node": {
				"name": "kind-control-plane"
			},
			"pod": {
				"name": "fluentd-elasticsearch-fwg46"
			}
		},
		"MetricSetFields": {
			"cpu": {
				"request": {
					"cores": 0.1
				}
			},
			"id": "d34823a90b7406d61d95530cf800bc1fbd2307f9ab6c6031da1d22ae577ca081",
			"memory": {
				"limit": {
					"bytes": 209715200
				},
				"request": {
					"bytes": 209715200
				}
			},
			"name": "fluentd-elasticsearch",
			"status": {
				"phase": "running",
				"ready": true,
				"restarts": 0
			}
		},
		"Index": "",
		"ID": "",
		"Namespace": "kubernetes.container",
		"Timestamp": "0001-01-01T00:00:00Z",
		"Error": null,
		"Host": "",
		"Service": "",
		"Took": 0,
		"Period": 0,
		"DisableTimeSeries": false
	},
	{
		"RootFields": {
			"container": {
				"id": "c260e83eedc09fc53e541d1ce22f4f75c3d316341ccb7b8f028abdfb9fc9945f",
				"image": {
					"name": "registry.k8s.io/kube-proxy:v1.26.3"
				},
				"runtime": "containerd"
			}
		},
		"ModuleFields": {
			"namespace": "kube-system",
			"node": {
				"name": "kind-control-plane"
			},
			"pod": {
				"name": "kube-proxy-nw7gg"
			}
		},
		"MetricSetFields": {
			"id": "c260e83eedc09fc53e541d1ce22f4f75c3d316341ccb7b8f028abdfb9fc9945f",
			"name": "kube-proxy",
			"status": {
				"phase": "running",
				"ready": true,
				"restarts": 0
			}
		},
		"Index": "",
		"ID": "",
		"Namespace": "kubernetes.container",
		"Timestamp": "0001-01-01T00:00:00Z",
		"Error": null,
		"Host": "",
		"Service": "",
		"Took": 0,
		"Period": 0,
		"DisableTimeSeries": false
	},
	{
		"RootFields": {
			"container": {
				"id": "abdf93a03aed7a187e8105c26769406d171a15e381c3d780ae97ad8f62cf4e36",
				"image": {
					"name": "registry.k8s.io/kube-scheduler:v1.26.3"
				},
				"runtime": "containerd"
			}
		},
		"ModuleFields": {
			"namespace": "kube-system",
			"node": {
				"name": "kind-control-plane"
			},
			"pod": {
				"name": "kube-scheduler-kind-control-plane"
			}
		},
		"MetricSetFields": {
			"cpu": {
				"request": {
					"cores": 0.1
				}
			},
			"id": "abdf93a03aed7a187e8105c26769406d171a15e381c3d780ae97ad8f62cf4e36",
			"name": "kube-scheduler",
			"status": {
				"phase": "running",
				"ready": true,
				"restarts": 0
			}
		},
		"Index": "",
		"ID": "",
		"Namespace": "kubernetes.container",
		"Timestamp": "0001-01-01T00:00:00Z",
		"Error": null,
		"Host": "",
		"Service": "",
		"Took": 0,
		"Period": 0,
		"DisableTimeSeries": false
	},
	{
		"RootFields": {
			"container": {
				"id": "332d23c3143978bf7924a98fd162b9e98781ffa5eb6c7a8a99e2da7c293f1910",
				"image": {
					"name": "docker.io/library/busybox:latest"
				},
				"runtime": "containerd"
			}
		},
		"ModuleFields": {
			"namespace": "default",
			"node": {
				"name": "kind-control-plane"
			},
			"pod": {
				"name": "hello-fddcc"
			}
		},
		"MetricSetFields": {
			"id": "332d23c3143978bf7924a98fd162b9e98781ffa5eb6c7a8a99e2da7c293f1910",
			"name": "hello",
			"status": {
				"phase": "terminated",
				"ready": false,
				"reason": "Completed",
				"restarts": 0
			}
		},
		"Index": "",
		"ID": "",
		"Namespace": "kubernetes.container",
		"Timestamp": "0001-01-01T00:00:00Z",
		"Error": null,
		"Host": "",
		"Service": "",
		"Took": 0,
		"Period": 0,
		"DisableTimeSeries": false
	},
	{
		"RootFields": {
			"container": {
				"id": "146ae7ab6b3e9fd79e0f1fc721b54943302747fa4f84041f67b0cbdc89632427",
				"image": {
					"name": "registry.k8s.io/kube-apiserver:v1.26.3"
				},
				"runtime": "containerd"
			}
		},
		"ModuleFields": {
			"namespace": "kube-system",
			"node": {
				"name": "kind-control-plane"
			},
			"pod": {
				"name": "kube-apiserver-kind-control-plane"
			}
		},
		"MetricSetFields": {
			"cpu": {
				"request": {
					"cores": 0.25
				}
			},
			"id": "146ae7ab6b3e9fd79e0f1fc721b54943302747fa4f84041f67b0cbdc89632427",
			"name": "kube-apiserver",
			"status": {
				"phase": "running",
				"ready": true,
				"restarts": 0
			}
		},
		"Index": "",
		"ID": "",
		"Namespace": "kubernetes.container",
		"Timestamp": "0001-01-01T00:00:00Z",
		"Error": null,
		"Host": "",
		"Service": "",
		"Took": 0,
		"Period": 0,
		"DisableTimeSeries": false
	},
	{
		"RootFields": {
			"container": {
				"id": "9b733a1a21db2c08e88b6d0bb81c77a90971b349363d84115a32bcda7b6d07c7",
				"image": {
					"name": "registry.k8s.io/kube-controller-manager:v1.26.3"
				},
				"runtime": "containerd"
			}
		},
		"ModuleFields": {
			"namespace": "kube-system",
			"node": {
				"name": "kind-control-plane"
			},
			"pod": {
				"name": "kube-controller-manager-kind-control-plane"
			}
		},
		"MetricSetFields": {
			"cpu": {
				"request": {
					"cores": 0.2
				}
			},
			"id": "9b733a1a21db2c08e88b6d0bb81c77a90971b349363d84115a32bcda7b6d07c7",
			"name": "kube-controller-manager",
			"status": {
				"phase": "running",
				"ready": true,
				"restarts": 0
			}
		},
		"Index": "",
		"ID": "",
		"Namespace": "kubernetes.container",
		"Timestamp": "0001-01-01T00:00:00Z",
		"Error": null,
		"Host": "",
		"Service": "",
		"Took": 0,
		"Period": 0,
		"DisableTimeSeries": false
	},
	{
		"RootFields": {
			"container": {
				"id": "d3e044cc786b110c508979573f77aa17c017bd73b19a9eca2f90c931269c8e23",
				"image": {
					"name": "registry.k8s.io/kube-state-metrics/kube-state-metrics:v2.9.2"
				},
				"runtime": "containerd"
			}
		},
		"ModuleFields": {
			"namespace": "kube-system",
			"node": {
				"name": "kind-control-plane"
			},
			"pod": {
				"name": "kube-state-metrics-7bc9d484b6-79ph2"
			}
		},
		"MetricSetFields": {
			"id": "d3e044cc786b110c508979573f77aa17c017bd73b19a9eca2f90c931269c8e23",
			"name": "kube-state-metrics",
			"status": {
				"phase": "running",
				"ready": true,
				"restarts": 0
			}
		},
		"Index": "",
		"ID": "",
		"Namespace": "kubernetes.container",
		"Timestamp": "0001-01-01T00:00:00Z",
		"Error": null,
		"Host": "",
		"Service": "",
		"Took": 0,
		"Period": 0,
		"DisableTimeSeries": false
	},
	{
		"RootFields": {
			"container": {
				"id": "95a5d65b9727fe3c68ac865bfbe52590965b7f04dcb6a4e142bd45561ab4229d",
				"image": {
					"name": "registry.k8s.io/coredns/coredns:v1.9.3"
				},
				"runtime": "containerd"
			}
		},
		"ModuleFields": {
			"namespace": "kube-system",
			"node": {
				"name": "kind-control-plane"
			},
			"pod": {
				"name": "coredns-787d4945fb-kx4f4"
			}
		},
		"MetricSetFields": {
			"cpu": {
				"request": {
					"cores": 0.1
				}
			},
			"id": "95a5d65b9727fe3c68ac865bfbe52590965b7f04dcb6a4e142bd45561ab4229d",
			"memory": {
				"limit": {
					"bytes": 178257920
				},
				"request": {
					"bytes": 73400320
				}
			},
			"name": "coredns",
			"status": {
				"phase": "running",
				"ready": true,
				"restarts": 0
			}
		},
		"Index": "",
		"ID": "",
		"Namespace": "kubernetes.container",
		"Timestamp": "0001-01-01T00:00:00Z",
		"Error": null,
		"Host": "",
		"Service": "",
		"Took": 0,
		"Period": 0,
		"DisableTimeSeries": false
	},
	{
		"RootFields": {
			"container": {
				"id": "c77a6a9b32ec9a78572697bd6b0ecd3cb8a7e5bbd6e6953d35877b70ecef1072",
				"image": {
					"name": "sha256:a329ae3c2c52fe00e9c4eaf48b081cd184ee4bf9aea059e497f4965f0a8deedb"
				},
				"runtime": "containerd"
			}
		},
		"ModuleFields": {
			"namespace": "kube-system",
			"node": {
				"name": "kind-control-plane"
			},
			"pod": {
				"name": "kindnet-7l48v"
			}
		},
		"MetricSetFields": {
			"cpu": {
				"limit": {
					"cores": 0.1
				},
				"request": {
					"cores": 0.1
				}
			},
			"id": "c77a6a9b32ec9a78572697bd6b0ecd3cb8a7e5bbd6e6953d35877b70ecef1072",
			"memory": {
				"limit": {
					"bytes": 52428800
				},
				"request": {
					"bytes": 52428800
				}
			},
			"name": "kindnet-cni",
			"status": {
				"phase": "running",
				"ready": true,
				"restarts": 0
			}
		},
		"Index": "",
		"ID": "",
		"Namespace": "kubernetes.container",
		"Timestamp": "0001-01-01T00:00:00Z",
		"Error": null,
		"Host": "",
		"Service": "",
		"Took": 0,
		"Period": 0,
		"DisableTimeSeries": false
	},
	{
		"RootFields": {
			"container": {
				"id": "861bef44f73cfb196df58121080eb7705eef21dbc975526341ac6078755bb063",
				"image": {
					"name": "docker.io/library/nginx:1.24.0-alpine-slim"
				},
				"runtime": "containerd"
			}
		},
		"ModuleFields": {
			"namespace": "default",
			"node": {
				"name": "kind-control-plane"
			},
			"pod": {
				"name": "web-0"
			}
		},
		"MetricSetFields": {
			"id": "861bef44f73cfb196df58121080eb7705eef21dbc975526341ac6078755bb063",
			"name": "nginx",
			"status": {
				"phase": "running",
				"ready": true,
				"restarts": 0
			}
		},
		"Index": "",
		"ID": "",
		"Namespace": "kubernetes.container",
		"Timestamp": "0001-01-01T00:00:00Z",
		"Error": null,
		"Host": "",
		"Service": "",
		"Took": 0,
		"Period": 0,
		"DisableTimeSeries": false
	}
]