[
	{
		"RootFields": null,
		"ModuleFields": {
			"namespace": "kube-system",
			"node": {
				"name": "kind-control-plane"
			}
		},
		"MetricSetFields": {
			"host_ip": "172.18.0.2",
			"ip": "10.244.0.122",
			"name": "hello-cronjob-27900585-6zngl",
			"status": {
				"phase": "succeeded",
				"ready": "false",
				"scheduled": "true"
			}
		},
		"Index": "",
		"ID": "",
		"Namespace": "kubernetes.pod",
		"Timestamp": "0001-01-01T00:00:00Z",
		"Error": null,
		"Host": "",
		"Service": "",
		"Took": 0,
		"Period": 0,
		"DisableTimeSeries": false
	},
	{
		"RootFields": null,
		"ModuleFields": {
			"namespace": "kube-system",
			"node": {
				"name": "kind-control-plane"
			}
		},
		"MetricSetFields": {
			"host_ip": "172.18.0.2",
			"ip": "10.244.0.59",
			"name": "pi-m88dn",
			"status": {
				"phase": "succeeded",
				"ready": "false",
				"scheduled": "true"
			}
		},
		"Index": "",
		"ID": "",
		"Namespace": "kubernetes.pod",
		"Timestamp": "0001-01-01T00:00:00Z",
		"Error": null,
		"Host": "",
		"Service": "",
		"Took": 0,
		"Period": 0,
		"DisableTimeSeries": false
	},
	{
		"RootFields": null,
		"ModuleFields": {
			"namespace": "kube-system",
			"node": {
				"name": "kind-control-plane"
			}
		},
		"MetricSetFields": {
			"host_ip": "172.18.0.2",
			"ip": "10.244.0.124",
			"name": "kube-state-metrics-548546fc89-qrkzb",
			"status": {
				"phase": "running",
				"ready": "true",
				"scheduled": "true"
			}
		},
		"Index": "",
		"ID": "",
		"Namespace": "kubernetes.pod",
		"Timestamp": "0001-01-01T00:00:00Z",
		"Error": null,
		"Host": "",
		"Service": "",
		"Took": 0,
		"Period": 0,
		"DisableTimeSeries": false
	},
	{
		"RootFields": null,
		"ModuleFields": {
			"namespace": "kube-system",
			"node": {
				"name": "kind-control-plane"
			}
		},
		"MetricSetFields": {
			"host_ip": "172.18.0.2",
			"ip": "10.244.0.4",
			"name": "coredns-565d847f94-q2mmv",
			"status": {
				"phase": "running",
				"ready": "true",
				"scheduled": "true"
			}
		},
		"Index": "",
		"ID": "",
		"Namespace": "kubernetes.pod",
		"Timestamp": "0001-01-01T00:00:00Z",
		"Error": null,
		"Host": "",
		"Service": "",
		"Took": 0,
		"Period": 0,
		"DisableTimeSeries": false
	},
	{
		"RootFields": null,
		"ModuleFields": {
			"namespace": "kube-system",
			"node": {
				"name": "kind-control-plane"
			}
		},
		"MetricSetFields": {
			"host_ip": "172.18.0.2",
			"ip": "10.244.0.123",
			"name": "hello-cronjob-27900586-psw5h",
			"status": {
				"phase": "succeeded",
				"ready": "false",
				"scheduled": "true"
			}
		},
		"Index": "",
		"ID": "",
		"Namespace": "kubernetes.pod",
		"Timestamp": "0001-01-01T00:00:00Z",
		"Error": null,
		"Host": "",
		"Service": "",
		"Took": 0,
		"Period": 0,
		"DisableTimeSeries": false
	},
	{
		"RootFields": null,
		"ModuleFields": {
			"namespace": "kube-system",
			"node": {
				"name": "kind-control-plane"
			}
		},
		"MetricSetFields": {
			"host_ip": "172.18.0.2",
			"ip": "172.18.0.2",
			"name": "kube-scheduler-kind-control-plane",
			"status": {
				"phase": "running",
				"ready": "true",
				"scheduled": "true"
			}
		},
		"Index": "",
		"ID": "",
		"Namespace": "kubernetes.pod",
		"Timestamp": "0001-01-01T00:00:00Z",
		"Error": null,
		"Host": "",
		"Service": "",
		"Took": 0,
		"Period": 0,
		"DisableTimeSeries": false
	},
	{
		"RootFields": null,
		"ModuleFields": {
			"namespace": "kube-system",
			"node": {
				"name": "kind-control-plane"
			}
		},
		"MetricSetFields": {
			"host_ip": "172.18.0.2",
			"ip": "172.18.0.2",
			"name": "kube-controller-manager-kind-control-plane",
			"status": {
				"phase": "running",
				"ready": "true",
				"scheduled": "true"
			}
		},
		"Index": "",
		"ID": "",
		"Namespace": "kubernetes.pod",
		"Timestamp": "0001-01-01T00:00:00Z",
		"Error": null,
		"Host": "",
		"Service": "",
		"Took": 0,
		"Period": 0,
		"DisableTimeSeries": false
	},
	{
		"RootFields": null,
		"ModuleFields": {
			"namespace": "kube-system",
			"node": {
				"name": "kind-control-plane"
			}
		},
		"MetricSetFields": {
			"host_ip": "172.18.0.2",
			"ip": "172.18.0.2",
			"name": "kube-apiserver-kind-control-plane",
			"status": {
				"phase": "running",
				"ready": "true",
				"scheduled": "true"
			}
		},
		"Index": "",
		"ID": "",
		"Namespace": "kubernetes.pod",
		"Timestamp": "0001-01-01T00:00:00Z",
		"Error": null,
		"Host": "",
		"Service": "",
		"Took": 0,
		"Period": 0,
		"DisableTimeSeries": false
	},
	{
		"RootFields": null,
		"ModuleFields": {
			"namespace": "kube-system",
			"node": {
				"name": "kind-control-plane"
			}
		},
		"MetricSetFields": {
			"host_ip": "172.18.0.2",
			"ip": "172.18.0.2",
			"name": "kube-proxy-flrd6",
			"status": {
				"phase": "running",
				"ready": "true",
				"scheduled": "true"
			}
		},
		"Index": "",
		"ID": "",
		"Namespace": "kubernetes.pod",
		"Timestamp": "0001-01-01T00:00:00Z",
		"Error": null,
		"Host": "",
		"Service": "",
		"Took": 0,
		"Period": 0,
		"DisableTimeSeries": false
	},
	{
		"RootFields": null,
		"ModuleFields": {
			"namespace": "local-path-storage",
			"node": {
				"name": "kind-control-plane"
			}
		},
		"MetricSetFields": {
			"host_ip": "172.18.0.2",
			"ip": "10.244.0.3",
			"name": "local-path-provisioner-684f458cdd-wvdbd",
			"status": {
				"phase": "running",
				"ready": "true",
				"scheduled": "true"
			}
		},
		"Index": "",
		"ID": "",
		"Namespace": "kubernetes.pod",
		"Timestamp": "0001-01-01T00:00:00Z",
		"Error": null,
		"Host": "",
		"Service": "",
		"Took": 0,
		"Period": 0,
		"DisableTimeSeries": false
	},
	{
		"RootFields": null,
		"ModuleFields": {
			"namespace": "kube-system",
			"node": {
				"name": "kind-control-plane"
			}
		},
		"MetricSetFields": {
			"host_ip": "172.18.0.2",
			"ip": "172.18.0.2",
			"name": "etcd-kind-control-plane",
			"status": {
				"phase": "running",
				"ready": "true",
				"scheduled": "true"
			}
		},
		"Index": "",
		"ID": "",
		"Namespace": "kubernetes.pod",
		"Timestamp": "0001-01-01T00:00:00Z",
		"Error": null,
		"Host": "",
		"Service": "",
		"Took": 0,
		"Period": 0,
		"DisableTimeSeries": false
	},
	{
		"RootFields": null,
		"ModuleFields": {
			"namespace": "kube-system",
			"node": {
				"name": "kind-control-plane"
			}
		},
		"MetricSetFields": {
			"host_ip": "172.18.0.2",
			"ip": "172.18.0.2",
			"name": "metricbeat-6xfvl",
			"status": {
				"phase": "running",
				"ready": "true",
				"scheduled": "true"
			}
		},
		"Index": "",
		"ID": "",
		"Namespace": "kubernetes.pod",
		"Timestamp": "0001-01-01T00:00:00Z",
		"Error": null,
		"Host": "",
		"Service": "",
		"Took": 0,
		"Period": 0,
		"DisableTimeSeries": false
	},
	{
		"RootFields": null,
		"ModuleFields": {
			"namespace": "kube-system",
			"node": {
				"name": "kind-control-plane"
			}
		},
		"MetricSetFields": {
			"host_ip": "172.18.0.2",
			"ip": "172.18.0.2",
			"name": "kindnet-4tnzw",
			"status": {
				"phase": "running",
				"ready": "true",
				"scheduled": "true"
			}
		},
		"Index": "",
		"ID": "",
		"Namespace": "kubernetes.pod",
		"Timestamp": "0001-01-01T00:00:00Z",
		"Error": null,
		"Host": "",
		"Service": "",
		"Took": 0,
		"Period": 0,
		"DisableTimeSeries": false
	},
	{
		"RootFields": null,
		"ModuleFields": {
			"namespace": "kube-system",
			"node": {
				"name": "kind-control-plane"
			}
		},
		"MetricSetFields": {
			"host_ip": "172.18.0.2",
			"ip": "10.244.0.125",
			"name": "hello-cronjob-27900587-r7g6w",
			"status": {
				"phase": "succeeded",
				"ready": "false",
				"scheduled": "true"
			}
		},
		"Index": "",
		"ID": "",
		"Namespace": "kubernetes.pod",
		"Timestamp": "0001-01-01T00:00:00Z",
		"Error": null,
		"Host": "",
		"Service": "",
		"Took": 0,
		"Period": 0,
		"DisableTimeSeries": false
	},
	{
		"RootFields": null,
		"ModuleFields": {
			"namespace": "kube-system",
			"node": {
				"name": "kind-control-plane"
			}
		},
		"MetricSetFields": {
			"host_ip": "172.18.0.2",
			"ip": "10.244.0.2",
			"name": "coredns-565d847f94-dgwk8",
			"status": {
				"phase": "running",
				"ready": "true",
				"scheduled": "true"
			}
		},
		"Index": "",
		"ID": "",
		"Namespace": "kubernetes.pod",
		"Timestamp": "0001-01-01T00:00:00Z",
		"Error": null,
		"Host": "",
		"Service": "",
		"Took": 0,
		"Period": 0,
		"DisableTimeSeries": false
	},
	{
		"RootFields": null,
		"ModuleFields": {
			"namespace": "default"
		},
		"MetricSetFields": {
			"name": "web-0",
			"status": {
				"phase": "pending",
				"scheduled": "false"
			}
		},
		"Index": "",
		"ID": "",
		"Namespace": "kubernetes.pod",
		"Timestamp": "0001-01-01T00:00:00Z",
		"Error": null,
		"Host": "",
		"Service": "",
		"Took": 0,
		"Period": 0,
		"DisableTimeSeries": false
	}
]